[2025-03-30T00:24:49.894+0800][0.004s] Using G1
[2025-03-30T00:24:49.992+0800][0.102s] Version: 17.0.3+7 (release)
[2025-03-30T00:24:49.992+0800][0.102s] CPUs: 8 total, 8 available
[2025-03-30T00:24:49.992+0800][0.102s] Memory: 8192M
[2025-03-30T00:24:49.992+0800][0.102s] Large Page Support: Disabled
[2025-03-30T00:24:49.992+0800][0.102s] NUMA Support: Disabled
[2025-03-30T00:24:49.992+0800][0.102s] Compressed Oops: Enabled (Zero based)
[2025-03-30T00:24:49.992+0800][0.102s] Heap Region Size: 1M
[2025-03-30T00:24:49.992+0800][0.102s] Heap Min Capacity: 512M
[2025-03-30T00:24:49.992+0800][0.102s] Heap Initial Capacity: 512M
[2025-03-30T00:24:49.992+0800][0.102s] Heap Max Capacity: 512M
[2025-03-30T00:24:49.992+0800][0.102s] Pre-touch: Enabled
[2025-03-30T00:24:49.992+0800][0.102s] Parallel Workers: 8
[2025-03-30T00:24:49.992+0800][0.102s] Concurrent Workers: 2
[2025-03-30T00:24:49.992+0800][0.102s] Concurrent Refinement Workers: 8
[2025-03-30T00:24:49.992+0800][0.102s] Periodic GC: Disabled
[2025-03-30T00:24:49.992+0800][0.102s] CDS archive(s) not mapped
[2025-03-30T00:24:49.992+0800][0.102s] Compressed class space mapped at: 0x0000000800000000-0x0000000840000000, reserved size: 1073741824
[2025-03-30T00:24:49.992+0800][0.102s] Narrow klass base: 0x0000000800000000, Narrow klass shift: 0, Narrow klass range: 0x40000000
[2025-03-30T00:24:50.352+0800][0.462s] GC(0) Pause Young (Normal) (G1 Evacuation Pause)
[2025-03-30T00:24:50.352+0800][0.462s] GC(0) Using 8 workers of 8 for evacuation
[2025-03-30T00:24:50.354+0800][0.464s] GC(0)   Pre Evacuate Collection Set: 0.1ms
[2025-03-30T00:24:50.354+0800][0.464s] GC(0)   Merge Heap Roots: 0.0ms
[2025-03-30T00:24:50.354+0800][0.464s] GC(0)   Evacuate Collection Set: 1.8ms
[2025-03-30T00:24:50.354+0800][0.464s] GC(0)   Post Evacuate Collection Set: 0.2ms
[2025-03-30T00:24:50.354+0800][0.464s] GC(0)   Other: 0.2ms
[2025-03-30T00:24:50.354+0800][0.464s] GC(0) Eden regions: 29->0(41)
[2025-03-30T00:24:50.354+0800][0.464s] GC(0) Survivor regions: 0->4(4)
[2025-03-30T00:24:50.354+0800][0.464s] GC(0) Old regions: 0->1
[2025-03-30T00:24:50.354+0800][0.464s] GC(0) Archive regions: 0->0
[2025-03-30T00:24:50.354+0800][0.464s] GC(0) Humongous regions: 0->0
[2025-03-30T00:24:50.355+0800][0.464s] GC(0) Metaspace: 16390K(16576K)->16390K(16576K) NonClass: 14668K(14784K)->14668K(14784K) Class: 1721K(1792K)->1721K(1792K)
[2025-03-30T00:24:50.355+0800][0.465s] GC(0) Pause Young (Normal) (G1 Evacuation Pause) 29M->4M(512M) 2.567ms
[2025-03-30T00:24:50.355+0800][0.465s] GC(0) User=0.01s Sys=0.00s Real=0.00s
[2025-03-30T00:24:50.972+0800][1.082s] GC(1) Pause Young (Concurrent Start) (Metadata GC Threshold)
[2025-03-30T00:24:50.972+0800][1.082s] GC(1) Using 8 workers of 8 for evacuation
[2025-03-30T00:24:50.977+0800][1.087s] GC(1)   Pre Evacuate Collection Set: 0.1ms
[2025-03-30T00:24:50.977+0800][1.087s] GC(1)   Merge Heap Roots: 0.0ms
[2025-03-30T00:24:50.977+0800][1.087s] GC(1)   Evacuate Collection Set: 4.8ms
[2025-03-30T00:24:50.977+0800][1.087s] GC(1)   Post Evacuate Collection Set: 0.2ms
[2025-03-30T00:24:50.977+0800][1.087s] GC(1)   Other: 0.1ms
[2025-03-30T00:24:50.977+0800][1.087s] GC(1) Eden regions: 17->0(54)
[2025-03-30T00:24:50.977+0800][1.087s] GC(1) Survivor regions: 4->6(6)
[2025-03-30T00:24:50.977+0800][1.087s] GC(1) Old regions: 1->6
[2025-03-30T00:24:50.977+0800][1.087s] GC(1) Archive regions: 0->0
[2025-03-30T00:24:50.977+0800][1.087s] GC(1) Humongous regions: 4->4
[2025-03-30T00:24:50.977+0800][1.087s] GC(1) Metaspace: 21222K(21504K)->21222K(21504K) NonClass: 18943K(19072K)->18943K(19072K) Class: 2278K(2432K)->2278K(2432K)
[2025-03-30T00:24:50.977+0800][1.087s] GC(1) Pause Young (Concurrent Start) (Metadata GC Threshold) 25M->15M(512M) 5.251ms
[2025-03-30T00:24:50.977+0800][1.087s] GC(1) User=0.02s Sys=0.01s Real=0.00s
[2025-03-30T00:24:50.977+0800][1.087s] GC(2) Concurrent Mark Cycle
[2025-03-30T00:24:50.977+0800][1.087s] GC(2) Concurrent Clear Claimed Marks
[2025-03-30T00:24:50.977+0800][1.087s] GC(2) Concurrent Clear Claimed Marks 0.009ms
[2025-03-30T00:24:50.977+0800][1.087s] GC(2) Concurrent Scan Root Regions
[2025-03-30T00:24:50.979+0800][1.089s] GC(2) Concurrent Scan Root Regions 2.147ms
[2025-03-30T00:24:50.979+0800][1.089s] GC(2) Concurrent Mark
[2025-03-30T00:24:50.979+0800][1.089s] GC(2) Concurrent Mark From Roots
[2025-03-30T00:24:50.979+0800][1.089s] GC(2) Using 2 workers of 2 for marking
[2025-03-30T00:24:50.980+0800][1.090s] GC(2) Concurrent Mark From Roots 0.443ms
[2025-03-30T00:24:50.980+0800][1.090s] GC(2) Concurrent Preclean
[2025-03-30T00:24:50.980+0800][1.090s] GC(2) Concurrent Preclean 0.013ms
[2025-03-30T00:24:50.980+0800][1.090s] GC(2) Pause Remark
[2025-03-30T00:24:50.980+0800][1.090s] GC(2) Pause Remark 16M->16M(512M) 0.637ms
[2025-03-30T00:24:50.980+0800][1.090s] GC(2) User=0.01s Sys=0.00s Real=0.00s
[2025-03-30T00:24:50.981+0800][1.090s] GC(2) Concurrent Mark 1.207ms
[2025-03-30T00:24:50.981+0800][1.090s] GC(2) Concurrent Rebuild Remembered Sets
[2025-03-30T00:24:50.982+0800][1.092s] GC(2) Concurrent Rebuild Remembered Sets 1.852ms
[2025-03-30T00:24:50.982+0800][1.092s] GC(2) Pause Cleanup
[2025-03-30T00:24:50.983+0800][1.092s] GC(2) Pause Cleanup 16M->16M(512M) 0.041ms
[2025-03-30T00:24:50.983+0800][1.092s] GC(2) User=0.00s Sys=0.00s Real=0.00s
[2025-03-30T00:24:50.983+0800][1.092s] GC(2) Concurrent Cleanup for Next Mark
[2025-03-30T00:24:50.983+0800][1.093s] GC(2) Concurrent Cleanup for Next Mark 0.466ms
[2025-03-30T00:24:50.983+0800][1.093s] GC(2) Concurrent Mark Cycle 5.929ms
[2025-03-30T00:24:51.177+0800][1.287s] GC(3) Pause Young (Normal) (G1 Evacuation Pause)
[2025-03-30T00:24:51.177+0800][1.287s] GC(3) Using 8 workers of 8 for evacuation
[2025-03-30T00:24:51.180+0800][1.290s] GC(3)   Pre Evacuate Collection Set: 0.1ms
[2025-03-30T00:24:51.180+0800][1.290s] GC(3)   Merge Heap Roots: 0.0ms
[2025-03-30T00:24:51.180+0800][1.290s] GC(3)   Evacuate Collection Set: 2.2ms
[2025-03-30T00:24:51.180+0800][1.290s] GC(3)   Post Evacuate Collection Set: 0.2ms
[2025-03-30T00:24:51.180+0800][1.290s] GC(3)   Other: 0.1ms
[2025-03-30T00:24:51.180+0800][1.290s] GC(3) Eden regions: 54->0(112)
[2025-03-30T00:24:51.180+0800][1.290s] GC(3) Survivor regions: 6->4(8)
[2025-03-30T00:24:51.180+0800][1.290s] GC(3) Old regions: 6->13
[2025-03-30T00:24:51.180+0800][1.290s] GC(3) Archive regions: 0->0
[2025-03-30T00:24:51.180+0800][1.290s] GC(3) Humongous regions: 4->4
[2025-03-30T00:24:51.180+0800][1.290s] GC(3) Metaspace: 27486K(27776K)->27486K(27776K) NonClass: 24496K(24640K)->24496K(24640K) Class: 2989K(3136K)->2989K(3136K)
[2025-03-30T00:24:51.180+0800][1.290s] GC(3) Pause Young (Normal) (G1 Evacuation Pause) 69M->19M(512M) 2.630ms
[2025-03-30T00:24:51.180+0800][1.290s] GC(3) User=0.02s Sys=0.00s Real=0.01s
[2025-03-30T00:24:51.431+0800][1.541s] GC(4) Pause Young (Normal) (G1 Evacuation Pause)
[2025-03-30T00:24:51.431+0800][1.541s] GC(4) Using 8 workers of 8 for evacuation
[2025-03-30T00:24:51.433+0800][1.543s] GC(4)   Pre Evacuate Collection Set: 0.1ms
[2025-03-30T00:24:51.433+0800][1.543s] GC(4)   Merge Heap Roots: 0.0ms
[2025-03-30T00:24:51.433+0800][1.543s] GC(4)   Evacuate Collection Set: 1.8ms
[2025-03-30T00:24:51.433+0800][1.543s] GC(4)   Post Evacuate Collection Set: 0.3ms
[2025-03-30T00:24:51.433+0800][1.543s] GC(4)   Other: 0.1ms
[2025-03-30T00:24:51.433+0800][1.543s] GC(4) Eden regions: 112->0(299)
[2025-03-30T00:24:51.433+0800][1.543s] GC(4) Survivor regions: 4->8(15)
[2025-03-30T00:24:51.433+0800][1.543s] GC(4) Old regions: 13->13
[2025-03-30T00:24:51.433+0800][1.543s] GC(4) Archive regions: 0->0
[2025-03-30T00:24:51.433+0800][1.543s] GC(4) Humongous regions: 4->4
[2025-03-30T00:24:51.433+0800][1.543s] GC(4) Metaspace: 31109K(31424K)->31109K(31424K) NonClass: 27677K(27840K)->27677K(27840K) Class: 3431K(3584K)->3431K(3584K)
[2025-03-30T00:24:51.434+0800][1.543s] GC(4) Pause Young (Normal) (G1 Evacuation Pause) 131M->23M(512M) 2.350ms
[2025-03-30T00:24:51.434+0800][1.543s] GC(4) User=0.01s Sys=0.00s Real=0.00s
[2025-03-30T00:24:51.864+0800][1.974s] GC(5) Pause Young (Concurrent Start) (Metadata GC Threshold)
[2025-03-30T00:24:51.864+0800][1.974s] GC(5) Using 8 workers of 8 for evacuation
[2025-03-30T00:24:51.866+0800][1.976s] GC(5)   Pre Evacuate Collection Set: 0.1ms
[2025-03-30T00:24:51.866+0800][1.976s] GC(5)   Merge Heap Roots: 0.0ms
[2025-03-30T00:24:51.866+0800][1.976s] GC(5)   Evacuate Collection Set: 1.5ms
[2025-03-30T00:24:51.866+0800][1.976s] GC(5)   Post Evacuate Collection Set: 0.2ms
[2025-03-30T00:24:51.866+0800][1.976s] GC(5)   Other: 0.1ms
[2025-03-30T00:24:51.866+0800][1.976s] GC(5) Eden regions: 49->0(298)
[2025-03-30T00:24:51.866+0800][1.976s] GC(5) Survivor regions: 8->9(39)
[2025-03-30T00:24:51.866+0800][1.976s] GC(5) Old regions: 13->13
[2025-03-30T00:24:51.866+0800][1.976s] GC(5) Archive regions: 0->0
[2025-03-30T00:24:51.866+0800][1.976s] GC(5) Humongous regions: 4->4
[2025-03-30T00:24:51.866+0800][1.976s] GC(5) Metaspace: 35919K(36160K)->35919K(36160K) NonClass: 31882K(32000K)->31882K(32000K) Class: 4036K(4160K)->4036K(4160K)
[2025-03-30T00:24:51.866+0800][1.976s] GC(5) Pause Young (Concurrent Start) (Metadata GC Threshold) 72M->24M(512M) 1.941ms
[2025-03-30T00:24:51.866+0800][1.976s] GC(5) User=0.01s Sys=0.00s Real=0.00s
[2025-03-30T00:24:51.866+0800][1.976s] GC(6) Concurrent Mark Cycle
[2025-03-30T00:24:51.866+0800][1.976s] GC(6) Concurrent Clear Claimed Marks
[2025-03-30T00:24:51.866+0800][1.976s] GC(6) Concurrent Clear Claimed Marks 0.008ms
[2025-03-30T00:24:51.866+0800][1.976s] GC(6) Concurrent Scan Root Regions
[2025-03-30T00:24:51.867+0800][1.977s] GC(6) Concurrent Scan Root Regions 1.383ms
[2025-03-30T00:24:51.867+0800][1.977s] GC(6) Concurrent Mark
[2025-03-30T00:24:51.867+0800][1.977s] GC(6) Concurrent Mark From Roots
[2025-03-30T00:24:51.867+0800][1.977s] GC(6) Using 2 workers of 2 for marking
[2025-03-30T00:24:51.873+0800][1.983s] GC(6) Concurrent Mark From Roots 6.179ms
[2025-03-30T00:24:51.873+0800][1.983s] GC(6) Concurrent Preclean
[2025-03-30T00:24:51.874+0800][1.983s] GC(6) Concurrent Preclean 0.056ms
[2025-03-30T00:24:51.874+0800][1.984s] GC(6) Pause Remark
[2025-03-30T00:24:51.875+0800][1.985s] GC(6) Pause Remark 26M->26M(512M) 1.340ms
[2025-03-30T00:24:51.875+0800][1.985s] GC(6) User=0.00s Sys=0.00s Real=0.00s
[2025-03-30T00:24:51.875+0800][1.985s] GC(6) Concurrent Mark 7.752ms
[2025-03-30T00:24:51.875+0800][1.985s] GC(6) Concurrent Rebuild Remembered Sets
[2025-03-30T00:24:51.879+0800][1.988s] GC(6) Concurrent Rebuild Remembered Sets 3.578ms
[2025-03-30T00:24:51.879+0800][1.989s] GC(6) Pause Cleanup
[2025-03-30T00:24:51.879+0800][1.989s] GC(6) Pause Cleanup 27M->27M(512M) 0.060ms
[2025-03-30T00:24:51.879+0800][1.989s] GC(6) User=0.00s Sys=0.00s Real=0.00s
[2025-03-30T00:24:51.879+0800][1.989s] GC(6) Concurrent Cleanup for Next Mark
[2025-03-30T00:24:51.879+0800][1.989s] GC(6) Concurrent Cleanup for Next Mark 0.709ms
[2025-03-30T00:24:51.879+0800][1.989s] GC(6) Concurrent Mark Cycle 13.636ms
[2025-03-30T00:26:15.172+0800][85.281s] GC(7) Pause Young (Prepare Mixed) (Metadata GC Threshold)
[2025-03-30T00:26:15.172+0800][85.281s] GC(7) Using 8 workers of 8 for evacuation
[2025-03-30T00:26:15.186+0800][85.295s] GC(7)   Pre Evacuate Collection Set: 0.1ms
[2025-03-30T00:26:15.186+0800][85.295s] GC(7)   Merge Heap Roots: 0.1ms
[2025-03-30T00:26:15.186+0800][85.295s] GC(7)   Evacuate Collection Set: 13.3ms
[2025-03-30T00:26:15.186+0800][85.295s] GC(7)   Post Evacuate Collection Set: 0.7ms
[2025-03-30T00:26:15.186+0800][85.295s] GC(7)   Other: 0.3ms
[2025-03-30T00:26:15.186+0800][85.295s] GC(7) Eden regions: 196->0(2)
[2025-03-30T00:26:15.186+0800][85.295s] GC(7) Survivor regions: 9->23(39)
[2025-03-30T00:26:15.186+0800][85.295s] GC(7) Old regions: 13->13
[2025-03-30T00:26:15.186+0800][85.295s] GC(7) Archive regions: 0->0
[2025-03-30T00:26:15.186+0800][85.295s] GC(7) Humongous regions: 4->4
[2025-03-30T00:26:15.186+0800][85.295s] GC(7) Metaspace: 60527K(60928K)->60527K(60928K) NonClass: 53251K(53440K)->53251K(53440K) Class: 7276K(7488K)->7276K(7488K)
[2025-03-30T00:26:15.186+0800][85.295s] GC(7) Pause Young (Prepare Mixed) (Metadata GC Threshold) 220M->38M(512M) 14.545ms
[2025-03-30T00:26:15.186+0800][85.295s] GC(7) User=0.05s Sys=0.03s Real=0.01s
[2025-03-30T00:26:15.200+0800][85.309s] GC(8) Pause Young (Mixed) (G1 Evacuation Pause)
[2025-03-30T00:26:15.200+0800][85.309s] GC(8) Using 8 workers of 8 for evacuation
[2025-03-30T00:26:15.211+0800][85.320s] GC(8)   Pre Evacuate Collection Set: 0.1ms
[2025-03-30T00:26:15.211+0800][85.320s] GC(8)   Merge Heap Roots: 0.1ms
[2025-03-30T00:26:15.211+0800][85.320s] GC(8)   Evacuate Collection Set: 10.4ms
[2025-03-30T00:26:15.211+0800][85.320s] GC(8)   Post Evacuate Collection Set: 0.3ms
[2025-03-30T00:26:15.211+0800][85.320s] GC(8)   Other: 0.1ms
[2025-03-30T00:26:15.211+0800][85.320s] GC(8) Eden regions: 2->0(304)
[2025-03-30T00:26:15.211+0800][85.320s] GC(8) Survivor regions: 23->3(4)
[2025-03-30T00:26:15.211+0800][85.320s] GC(8) Old regions: 13->34
[2025-03-30T00:26:15.211+0800][85.320s] GC(8) Archive regions: 0->0
[2025-03-30T00:26:15.211+0800][85.320s] GC(8) Humongous regions: 4->4
[2025-03-30T00:26:15.211+0800][85.320s] GC(8) Metaspace: 60611K(61056K)->60611K(61056K) NonClass: 53321K(53568K)->53321K(53568K) Class: 7289K(7488K)->7289K(7488K)
[2025-03-30T00:26:15.211+0800][85.320s] GC(8) Pause Young (Mixed) (G1 Evacuation Pause) 40M->40M(512M) 11.088ms
[2025-03-30T00:26:15.211+0800][85.320s] GC(8) User=0.04s Sys=0.02s Real=0.01s
[2025-03-30T00:26:15.243+0800][85.352s] GC(9) Pause Young (Concurrent Start) (Metadata GC Threshold)
[2025-03-30T00:26:15.243+0800][85.352s] GC(9) Using 8 workers of 8 for evacuation
[2025-03-30T00:26:15.243+0800][85.352s] GC(9)   Pre Evacuate Collection Set: 0.1ms
[2025-03-30T00:26:15.243+0800][85.352s] GC(9)   Merge Heap Roots: 0.0ms
[2025-03-30T00:26:15.243+0800][85.352s] GC(9)   Evacuate Collection Set: 0.4ms
[2025-03-30T00:26:15.243+0800][85.352s] GC(9)   Post Evacuate Collection Set: 0.1ms
[2025-03-30T00:26:15.243+0800][85.352s] GC(9)   Other: 0.1ms
[2025-03-30T00:26:15.243+0800][85.352s] GC(9) Eden regions: 4->0(306)
[2025-03-30T00:26:15.243+0800][85.352s] GC(9) Survivor regions: 3->1(39)
[2025-03-30T00:26:15.243+0800][85.352s] GC(9) Old regions: 34->34
[2025-03-30T00:26:15.243+0800][85.352s] GC(9) Archive regions: 0->0
[2025-03-30T00:26:15.243+0800][85.352s] GC(9) Humongous regions: 4->4
[2025-03-30T00:26:15.243+0800][85.352s] GC(9) Metaspace: 60829K(61248K)->60829K(61248K) NonClass: 53523K(53760K)->53523K(53760K) Class: 7305K(7488K)->7305K(7488K)
[2025-03-30T00:26:15.243+0800][85.352s] GC(9) Pause Young (Concurrent Start) (Metadata GC Threshold) 44M->38M(512M) 0.802ms
[2025-03-30T00:26:15.243+0800][85.352s] GC(9) User=0.00s Sys=0.00s Real=0.00s
[2025-03-30T00:26:15.243+0800][85.352s] GC(10) Concurrent Mark Cycle
[2025-03-30T00:26:15.243+0800][85.352s] GC(10) Concurrent Clear Claimed Marks
[2025-03-30T00:26:15.243+0800][85.352s] GC(10) Concurrent Clear Claimed Marks 0.006ms
[2025-03-30T00:26:15.243+0800][85.352s] GC(10) Concurrent Scan Root Regions
[2025-03-30T00:26:15.244+0800][85.353s] GC(10) Concurrent Scan Root Regions 0.554ms
[2025-03-30T00:26:15.244+0800][85.353s] GC(10) Concurrent Mark
[2025-03-30T00:26:15.244+0800][85.353s] GC(10) Concurrent Mark From Roots
[2025-03-30T00:26:15.244+0800][85.353s] GC(10) Using 2 workers of 2 for marking
[2025-03-30T00:26:15.259+0800][85.368s] GC(10) Concurrent Mark From Roots 14.800ms
[2025-03-30T00:26:15.259+0800][85.368s] GC(10) Concurrent Preclean
[2025-03-30T00:26:15.259+0800][85.368s] GC(10) Concurrent Preclean 0.114ms
[2025-03-30T00:26:15.259+0800][85.368s] GC(10) Pause Remark
[2025-03-30T00:26:15.261+0800][85.370s] GC(10) Pause Remark 42M->42M(512M) 1.579ms
[2025-03-30T00:26:15.261+0800][85.370s] GC(10) User=0.01s Sys=0.00s Real=0.01s
[2025-03-30T00:26:15.261+0800][85.370s] GC(10) Concurrent Mark 16.657ms
[2025-03-30T00:26:15.261+0800][85.370s] GC(10) Concurrent Rebuild Remembered Sets
[2025-03-30T00:26:15.269+0800][85.378s] GC(10) Concurrent Rebuild Remembered Sets 8.306ms
[2025-03-30T00:26:15.269+0800][85.378s] GC(10) Pause Cleanup
[2025-03-30T00:26:15.269+0800][85.378s] GC(10) Pause Cleanup 44M->44M(512M) 0.046ms
[2025-03-30T00:26:15.269+0800][85.378s] GC(10) User=0.00s Sys=0.00s Real=0.00s
[2025-03-30T00:26:15.269+0800][85.378s] GC(10) Concurrent Cleanup for Next Mark
[2025-03-30T00:26:15.270+0800][85.379s] GC(10) Concurrent Cleanup for Next Mark 0.695ms
[2025-03-30T00:26:15.270+0800][85.379s] GC(10) Concurrent Mark Cycle 26.418ms
[2025-03-30T00:27:32.640+0800][162.748s] Heap
[2025-03-30T00:27:32.640+0800][162.749s]  garbage-first heap   total 524288K, used 87688K [0x00000007e0000000, 0x0000000800000000)
[2025-03-30T00:27:32.640+0800][162.749s]   region size 1024K, 48 young (49152K), 1 survivors (1024K)
[2025-03-30T00:27:32.640+0800][162.749s]  Metaspace       used 63683K, committed 64192K, reserved 1105920K
[2025-03-30T00:27:32.640+0800][162.749s]   class space    used 7781K, committed 8000K, reserved 1048576K
