[2025-03-30T00:35:45.886+0800][0.007s] Using G1
[2025-03-30T00:35:45.984+0800][0.105s] Version: 17.0.3+7 (release)
[2025-03-30T00:35:45.984+0800][0.106s] CPUs: 8 total, 8 available
[2025-03-30T00:35:45.984+0800][0.106s] Memory: 8192M
[2025-03-30T00:35:45.984+0800][0.106s] Large Page Support: Disabled
[2025-03-30T00:35:45.984+0800][0.106s] NUMA Support: Disabled
[2025-03-30T00:35:45.984+0800][0.106s] Compressed Oops: Enabled (Zero based)
[2025-03-30T00:35:45.984+0800][0.106s] Heap Region Size: 1M
[2025-03-30T00:35:45.984+0800][0.106s] Heap Min Capacity: 512M
[2025-03-30T00:35:45.984+0800][0.106s] Heap Initial Capacity: 512M
[2025-03-30T00:35:45.984+0800][0.106s] Heap Max Capacity: 512M
[2025-03-30T00:35:45.984+0800][0.106s] Pre-touch: Enabled
[2025-03-30T00:35:45.984+0800][0.106s] Parallel Workers: 8
[2025-03-30T00:35:45.984+0800][0.106s] Concurrent Workers: 2
[2025-03-30T00:35:45.984+0800][0.106s] Concurrent Refinement Workers: 8
[2025-03-30T00:35:45.984+0800][0.106s] Periodic GC: Disabled
[2025-03-30T00:35:45.984+0800][0.106s] CDS archive(s) not mapped
[2025-03-30T00:35:45.984+0800][0.106s] Compressed class space mapped at: 0x0000000800000000-0x0000000840000000, reserved size: 1073741824
[2025-03-30T00:35:45.984+0800][0.106s] Narrow klass base: 0x0000000800000000, Narrow klass shift: 0, Narrow klass range: 0x40000000
[2025-03-30T00:35:46.340+0800][0.461s] GC(0) Pause Young (Normal) (G1 Evacuation Pause)
[2025-03-30T00:35:46.340+0800][0.461s] GC(0) Using 8 workers of 8 for evacuation
[2025-03-30T00:35:46.343+0800][0.464s] GC(0)   Pre Evacuate Collection Set: 0.1ms
[2025-03-30T00:35:46.343+0800][0.464s] GC(0)   Merge Heap Roots: 0.0ms
[2025-03-30T00:35:46.343+0800][0.464s] GC(0)   Evacuate Collection Set: 2.2ms
[2025-03-30T00:35:46.343+0800][0.464s] GC(0)   Post Evacuate Collection Set: 0.2ms
[2025-03-30T00:35:46.343+0800][0.464s] GC(0)   Other: 0.4ms
[2025-03-30T00:35:46.343+0800][0.464s] GC(0) Eden regions: 29->0(41)
[2025-03-30T00:35:46.343+0800][0.464s] GC(0) Survivor regions: 0->4(4)
[2025-03-30T00:35:46.343+0800][0.464s] GC(0) Old regions: 0->1
[2025-03-30T00:35:46.343+0800][0.464s] GC(0) Archive regions: 0->0
[2025-03-30T00:35:46.343+0800][0.464s] GC(0) Humongous regions: 0->0
[2025-03-30T00:35:46.343+0800][0.464s] GC(0) Metaspace: 16374K(16512K)->16374K(16512K) NonClass: 14653K(14720K)->14653K(14720K) Class: 1721K(1792K)->1721K(1792K)
[2025-03-30T00:35:46.343+0800][0.464s] GC(0) Pause Young (Normal) (G1 Evacuation Pause) 29M->4M(512M) 2.955ms
[2025-03-30T00:35:46.343+0800][0.464s] GC(0) User=0.01s Sys=0.00s Real=0.00s
[2025-03-30T00:35:46.998+0800][1.120s] GC(1) Pause Young (Concurrent Start) (Metadata GC Threshold)
[2025-03-30T00:35:46.998+0800][1.120s] GC(1) Using 8 workers of 8 for evacuation
[2025-03-30T00:35:47.004+0800][1.125s] GC(1)   Pre Evacuate Collection Set: 0.1ms
[2025-03-30T00:35:47.004+0800][1.125s] GC(1)   Merge Heap Roots: 0.0ms
[2025-03-30T00:35:47.004+0800][1.125s] GC(1)   Evacuate Collection Set: 4.7ms
[2025-03-30T00:35:47.004+0800][1.125s] GC(1)   Post Evacuate Collection Set: 0.2ms
[2025-03-30T00:35:47.004+0800][1.125s] GC(1)   Other: 0.1ms
[2025-03-30T00:35:47.004+0800][1.125s] GC(1) Eden regions: 17->0(54)
[2025-03-30T00:35:47.004+0800][1.125s] GC(1) Survivor regions: 4->6(6)
[2025-03-30T00:35:47.004+0800][1.125s] GC(1) Old regions: 1->6
[2025-03-30T00:35:47.004+0800][1.125s] GC(1) Archive regions: 0->0
[2025-03-30T00:35:47.004+0800][1.125s] GC(1) Humongous regions: 4->4
[2025-03-30T00:35:47.004+0800][1.125s] GC(1) Metaspace: 21244K(21504K)->21244K(21504K) NonClass: 18959K(19072K)->18959K(19072K) Class: 2285K(2432K)->2285K(2432K)
[2025-03-30T00:35:47.004+0800][1.125s] GC(1) Pause Young (Concurrent Start) (Metadata GC Threshold) 25M->15M(512M) 5.183ms
[2025-03-30T00:35:47.004+0800][1.125s] GC(1) User=0.02s Sys=0.01s Real=0.01s
[2025-03-30T00:35:47.004+0800][1.125s] GC(2) Concurrent Mark Cycle
[2025-03-30T00:35:47.004+0800][1.125s] GC(2) Concurrent Clear Claimed Marks
[2025-03-30T00:35:47.004+0800][1.125s] GC(2) Concurrent Clear Claimed Marks 0.014ms
[2025-03-30T00:35:47.004+0800][1.125s] GC(2) Concurrent Scan Root Regions
[2025-03-30T00:35:47.006+0800][1.127s] GC(2) Concurrent Scan Root Regions 2.301ms
[2025-03-30T00:35:47.006+0800][1.127s] GC(2) Concurrent Mark
[2025-03-30T00:35:47.006+0800][1.127s] GC(2) Concurrent Mark From Roots
[2025-03-30T00:35:47.006+0800][1.127s] GC(2) Using 2 workers of 2 for marking
[2025-03-30T00:35:47.006+0800][1.128s] GC(2) Concurrent Mark From Roots 0.451ms
[2025-03-30T00:35:47.006+0800][1.128s] GC(2) Concurrent Preclean
[2025-03-30T00:35:47.006+0800][1.128s] GC(2) Concurrent Preclean 0.013ms
[2025-03-30T00:35:47.007+0800][1.128s] GC(2) Pause Remark
[2025-03-30T00:35:47.007+0800][1.129s] GC(2) Pause Remark 16M->16M(512M) 0.588ms
[2025-03-30T00:35:47.007+0800][1.129s] GC(2) User=0.01s Sys=0.00s Real=0.00s
[2025-03-30T00:35:47.007+0800][1.129s] GC(2) Concurrent Mark 1.169ms
[2025-03-30T00:35:47.007+0800][1.129s] GC(2) Concurrent Rebuild Remembered Sets
[2025-03-30T00:35:47.007+0800][1.129s] GC(2) Concurrent Rebuild Remembered Sets 0.004ms
[2025-03-30T00:35:47.008+0800][1.129s] GC(2) Pause Cleanup
[2025-03-30T00:35:47.008+0800][1.129s] GC(2) Pause Cleanup 16M->16M(512M) 0.008ms
[2025-03-30T00:35:47.008+0800][1.129s] GC(2) User=0.00s Sys=0.00s Real=0.00s
[2025-03-30T00:35:47.008+0800][1.129s] GC(2) Concurrent Cleanup for Next Mark
[2025-03-30T00:35:47.008+0800][1.129s] GC(2) Concurrent Cleanup for Next Mark 0.435ms
[2025-03-30T00:35:47.008+0800][1.129s] GC(2) Concurrent Mark Cycle 4.427ms
[2025-03-30T00:35:47.211+0800][1.332s] GC(3) Pause Young (Normal) (G1 Evacuation Pause)
[2025-03-30T00:35:47.211+0800][1.332s] GC(3) Using 8 workers of 8 for evacuation
[2025-03-30T00:35:47.213+0800][1.335s] GC(3)   Pre Evacuate Collection Set: 0.1ms
[2025-03-30T00:35:47.213+0800][1.335s] GC(3)   Merge Heap Roots: 0.0ms
[2025-03-30T00:35:47.213+0800][1.335s] GC(3)   Evacuate Collection Set: 2.3ms
[2025-03-30T00:35:47.213+0800][1.335s] GC(3)   Post Evacuate Collection Set: 0.2ms
[2025-03-30T00:35:47.213+0800][1.335s] GC(3)   Other: 0.1ms
[2025-03-30T00:35:47.213+0800][1.335s] GC(3) Eden regions: 54->0(114)
[2025-03-30T00:35:47.213+0800][1.335s] GC(3) Survivor regions: 6->4(8)
[2025-03-30T00:35:47.213+0800][1.335s] GC(3) Old regions: 6->13
[2025-03-30T00:35:47.213+0800][1.335s] GC(3) Archive regions: 0->0
[2025-03-30T00:35:47.213+0800][1.335s] GC(3) Humongous regions: 4->4
[2025-03-30T00:35:47.213+0800][1.335s] GC(3) Metaspace: 27517K(27776K)->27517K(27776K) NonClass: 24521K(24640K)->24521K(24640K) Class: 2995K(3136K)->2995K(3136K)
[2025-03-30T00:35:47.213+0800][1.335s] GC(3) Pause Young (Normal) (G1 Evacuation Pause) 69M->19M(512M) 2.678ms
[2025-03-30T00:35:47.213+0800][1.335s] GC(3) User=0.01s Sys=0.00s Real=0.00s
[2025-03-30T00:35:47.869+0800][1.991s] GC(4) Pause Young (Concurrent Start) (Metadata GC Threshold)
[2025-03-30T00:35:47.869+0800][1.991s] GC(4) Using 8 workers of 8 for evacuation
[2025-03-30T00:35:47.872+0800][1.993s] GC(4)   Pre Evacuate Collection Set: 0.1ms
[2025-03-30T00:35:47.872+0800][1.993s] GC(4)   Merge Heap Roots: 0.0ms
[2025-03-30T00:35:47.872+0800][1.993s] GC(4)   Evacuate Collection Set: 1.9ms
[2025-03-30T00:35:47.872+0800][1.993s] GC(4)   Post Evacuate Collection Set: 0.2ms
[2025-03-30T00:35:47.872+0800][1.993s] GC(4)   Other: 0.1ms
[2025-03-30T00:35:47.872+0800][1.993s] GC(4) Eden regions: 114->0(298)
[2025-03-30T00:35:47.872+0800][1.993s] GC(4) Survivor regions: 4->9(15)
[2025-03-30T00:35:47.872+0800][1.993s] GC(4) Old regions: 13->13
[2025-03-30T00:35:47.872+0800][1.993s] GC(4) Archive regions: 0->0
[2025-03-30T00:35:47.872+0800][1.993s] GC(4) Humongous regions: 4->4
[2025-03-30T00:35:47.872+0800][1.993s] GC(4) Metaspace: 35983K(36288K)->35983K(36288K) NonClass: 31937K(32064K)->31937K(32064K) Class: 4046K(4224K)->4046K(4224K)
[2025-03-30T00:35:47.872+0800][1.993s] GC(4) Pause Young (Concurrent Start) (Metadata GC Threshold) 133M->25M(512M) 2.433ms
[2025-03-30T00:35:47.872+0800][1.993s] GC(4) User=0.02s Sys=0.00s Real=0.01s
[2025-03-30T00:35:47.872+0800][1.993s] GC(5) Concurrent Mark Cycle
[2025-03-30T00:35:47.872+0800][1.993s] GC(5) Concurrent Clear Claimed Marks
[2025-03-30T00:35:47.872+0800][1.993s] GC(5) Concurrent Clear Claimed Marks 0.010ms
[2025-03-30T00:35:47.872+0800][1.993s] GC(5) Concurrent Scan Root Regions
[2025-03-30T00:35:47.873+0800][1.994s] GC(5) Concurrent Scan Root Regions 1.268ms
[2025-03-30T00:35:47.873+0800][1.994s] GC(5) Concurrent Mark
[2025-03-30T00:35:47.873+0800][1.994s] GC(5) Concurrent Mark From Roots
[2025-03-30T00:35:47.873+0800][1.994s] GC(5) Using 2 workers of 2 for marking
[2025-03-30T00:35:47.878+0800][2.000s] GC(5) Concurrent Mark From Roots 5.308ms
[2025-03-30T00:35:47.878+0800][2.000s] GC(5) Concurrent Preclean
[2025-03-30T00:35:47.878+0800][2.000s] GC(5) Concurrent Preclean 0.040ms
[2025-03-30T00:35:47.879+0800][2.000s] GC(5) Pause Remark
[2025-03-30T00:35:47.880+0800][2.001s] GC(5) Pause Remark 26M->26M(512M) 1.007ms
[2025-03-30T00:35:47.880+0800][2.001s] GC(5) User=0.01s Sys=0.00s Real=0.01s
[2025-03-30T00:35:47.880+0800][2.001s] GC(5) Concurrent Mark 6.508ms
[2025-03-30T00:35:47.880+0800][2.001s] GC(5) Concurrent Rebuild Remembered Sets
[2025-03-30T00:35:47.883+0800][2.004s] GC(5) Concurrent Rebuild Remembered Sets 3.266ms
[2025-03-30T00:35:47.883+0800][2.004s] GC(5) Pause Cleanup
[2025-03-30T00:35:47.883+0800][2.004s] GC(5) Pause Cleanup 27M->27M(512M) 0.049ms
[2025-03-30T00:35:47.883+0800][2.004s] GC(5) User=0.00s Sys=0.00s Real=0.00s
[2025-03-30T00:35:47.883+0800][2.004s] GC(5) Concurrent Cleanup for Next Mark
[2025-03-30T00:35:47.884+0800][2.005s] GC(5) Concurrent Cleanup for Next Mark 0.673ms
[2025-03-30T00:35:47.884+0800][2.005s] GC(5) Concurrent Mark Cycle 11.941ms
[2025-03-30T00:35:48.670+0800][2.791s] GC(6) Pause Young (Prepare Mixed) (Metadata GC Threshold)
[2025-03-30T00:35:48.670+0800][2.791s] GC(6) Using 8 workers of 8 for evacuation
[2025-03-30T00:35:48.678+0800][2.799s] GC(6)   Pre Evacuate Collection Set: 0.1ms
[2025-03-30T00:35:48.678+0800][2.799s] GC(6)   Merge Heap Roots: 0.1ms
[2025-03-30T00:35:48.678+0800][2.799s] GC(6)   Evacuate Collection Set: 7.1ms
[2025-03-30T00:35:48.678+0800][2.799s] GC(6)   Post Evacuate Collection Set: 0.6ms
[2025-03-30T00:35:48.678+0800][2.799s] GC(6)   Other: 0.1ms
[2025-03-30T00:35:48.678+0800][2.799s] GC(6) Eden regions: 189->0(1)
[2025-03-30T00:35:48.678+0800][2.799s] GC(6) Survivor regions: 9->24(39)
[2025-03-30T00:35:48.678+0800][2.799s] GC(6) Old regions: 13->13
[2025-03-30T00:35:48.678+0800][2.799s] GC(6) Archive regions: 0->0
[2025-03-30T00:35:48.678+0800][2.799s] GC(6) Humongous regions: 4->4
[2025-03-30T00:35:48.678+0800][2.799s] GC(6) Metaspace: 60625K(61056K)->60625K(61056K) NonClass: 53296K(53504K)->53296K(53504K) Class: 7328K(7552K)->7328K(7552K)
[2025-03-30T00:35:48.678+0800][2.799s] GC(6) Pause Young (Prepare Mixed) (Metadata GC Threshold) 213M->39M(512M) 8.075ms
[2025-03-30T00:35:48.678+0800][2.799s] GC(6) User=0.05s Sys=0.01s Real=0.00s
[2025-03-30T00:35:48.685+0800][2.807s] GC(7) Pause Young (Mixed) (G1 Evacuation Pause)
[2025-03-30T00:35:48.685+0800][2.807s] GC(7) Using 8 workers of 8 for evacuation
[2025-03-30T00:35:48.704+0800][2.825s] GC(7)   Pre Evacuate Collection Set: 0.0ms
[2025-03-30T00:35:48.704+0800][2.825s] GC(7)   Merge Heap Roots: 0.0ms
[2025-03-30T00:35:48.704+0800][2.825s] GC(7)   Evacuate Collection Set: 17.7ms
[2025-03-30T00:35:48.704+0800][2.825s] GC(7)   Post Evacuate Collection Set: 0.6ms
[2025-03-30T00:35:48.704+0800][2.825s] GC(7)   Other: 0.1ms
[2025-03-30T00:35:48.704+0800][2.825s] GC(7) Eden regions: 1->0(304)
[2025-03-30T00:35:48.704+0800][2.825s] GC(7) Survivor regions: 24->3(4)
[2025-03-30T00:35:48.704+0800][2.825s] GC(7) Old regions: 13->36
[2025-03-30T00:35:48.704+0800][2.825s] GC(7) Archive regions: 0->0
[2025-03-30T00:35:48.704+0800][2.825s] GC(7) Humongous regions: 4->4
[2025-03-30T00:35:48.704+0800][2.825s] GC(7) Metaspace: 60830K(61312K)->60830K(61312K) NonClass: 53481K(53760K)->53481K(53760K) Class: 7349K(7552K)->7349K(7552K)
[2025-03-30T00:35:48.704+0800][2.825s] GC(7) Pause Young (Mixed) (G1 Evacuation Pause) 40M->41M(512M) 18.539ms
[2025-03-30T00:35:48.704+0800][2.825s] GC(7) User=0.04s Sys=0.04s Real=0.02s
[2025-03-30T00:35:48.709+0800][2.830s] GC(8) Pause Young (Concurrent Start) (Metadata GC Threshold)
[2025-03-30T00:35:48.709+0800][2.830s] GC(8) Using 8 workers of 8 for evacuation
[2025-03-30T00:35:48.709+0800][2.831s] GC(8)   Pre Evacuate Collection Set: 0.1ms
[2025-03-30T00:35:48.709+0800][2.831s] GC(8)   Merge Heap Roots: 0.0ms
[2025-03-30T00:35:48.709+0800][2.831s] GC(8)   Evacuate Collection Set: 0.4ms
[2025-03-30T00:35:48.709+0800][2.831s] GC(8)   Post Evacuate Collection Set: 0.1ms
[2025-03-30T00:35:48.709+0800][2.831s] GC(8)   Other: 0.1ms
[2025-03-30T00:35:48.709+0800][2.831s] GC(8) Eden regions: 1->0(306)
[2025-03-30T00:35:48.709+0800][2.831s] GC(8) Survivor regions: 3->1(39)
[2025-03-30T00:35:48.709+0800][2.831s] GC(8) Old regions: 36->36
[2025-03-30T00:35:48.709+0800][2.831s] GC(8) Archive regions: 0->0
[2025-03-30T00:35:48.709+0800][2.831s] GC(8) Humongous regions: 4->4
[2025-03-30T00:35:48.709+0800][2.831s] GC(8) Metaspace: 60917K(61376K)->60917K(61376K) NonClass: 53549K(53760K)->53549K(53760K) Class: 7368K(7616K)->7368K(7616K)
[2025-03-30T00:35:48.709+0800][2.831s] GC(8) Pause Young (Concurrent Start) (Metadata GC Threshold) 41M->39M(512M) 0.780ms
[2025-03-30T00:35:48.709+0800][2.831s] GC(8) User=0.00s Sys=0.01s Real=0.00s
[2025-03-30T00:35:48.709+0800][2.831s] GC(9) Concurrent Mark Cycle
[2025-03-30T00:35:48.709+0800][2.831s] GC(9) Concurrent Clear Claimed Marks
[2025-03-30T00:35:48.709+0800][2.831s] GC(9) Concurrent Clear Claimed Marks 0.009ms
[2025-03-30T00:35:48.709+0800][2.831s] GC(9) Concurrent Scan Root Regions
[2025-03-30T00:35:48.710+0800][2.831s] GC(9) Concurrent Scan Root Regions 0.333ms
[2025-03-30T00:35:48.710+0800][2.831s] GC(9) Concurrent Mark
[2025-03-30T00:35:48.710+0800][2.831s] GC(9) Concurrent Mark From Roots
[2025-03-30T00:35:48.710+0800][2.831s] GC(9) Using 2 workers of 2 for marking
[2025-03-30T00:35:48.725+0800][2.846s] GC(9) Concurrent Mark From Roots 15.237ms
[2025-03-30T00:35:48.725+0800][2.846s] GC(9) Concurrent Preclean
[2025-03-30T00:35:48.725+0800][2.846s] GC(9) Concurrent Preclean 0.091ms
[2025-03-30T00:35:48.725+0800][2.847s] GC(9) Pause Remark
[2025-03-30T00:35:48.726+0800][2.848s] GC(9) Pause Remark 42M->42M(512M) 1.162ms
[2025-03-30T00:35:48.726+0800][2.848s] GC(9) User=0.01s Sys=0.00s Real=0.00s
[2025-03-30T00:35:48.726+0800][2.848s] GC(9) Concurrent Mark 16.615ms
[2025-03-30T00:35:48.726+0800][2.848s] GC(9) Concurrent Rebuild Remembered Sets
[2025-03-30T00:35:48.735+0800][2.856s] GC(9) Concurrent Rebuild Remembered Sets 8.375ms
[2025-03-30T00:35:48.735+0800][2.856s] GC(9) Pause Cleanup
[2025-03-30T00:35:48.735+0800][2.856s] GC(9) Pause Cleanup 43M->43M(512M) 0.055ms
[2025-03-30T00:35:48.735+0800][2.856s] GC(9) User=0.00s Sys=0.00s Real=0.00s
[2025-03-30T00:35:48.735+0800][2.856s] GC(9) Concurrent Cleanup for Next Mark
[2025-03-30T00:35:48.735+0800][2.857s] GC(9) Concurrent Cleanup for Next Mark 0.249ms
[2025-03-30T00:35:48.735+0800][2.857s] GC(9) Concurrent Mark Cycle 25.839ms
[2025-03-30T00:52:37.845+0800][1011.956s] Heap
[2025-03-30T00:52:37.845+0800][1011.956s]  garbage-first heap   total 524288K, used 80189K [0x00000007e0000000, 0x0000000800000000)
[2025-03-30T00:52:37.845+0800][1011.956s]   region size 1024K, 40 young (40960K), 1 survivors (1024K)
[2025-03-30T00:52:37.845+0800][1011.956s]  Metaspace       used 63814K, committed 64320K, reserved 1105920K
[2025-03-30T00:52:37.845+0800][1011.956s]   class space    used 7781K, committed 8000K, reserved 1048576K
