[2025-03-30T00:27:34.674+0800][0.004s] Using G1
[2025-03-30T00:27:34.758+0800][0.088s] Version: 17.0.3+7 (release)
[2025-03-30T00:27:34.758+0800][0.088s] CPUs: 8 total, 8 available
[2025-03-30T00:27:34.758+0800][0.088s] Memory: 8192M
[2025-03-30T00:27:34.758+0800][0.088s] Large Page Support: Disabled
[2025-03-30T00:27:34.758+0800][0.088s] NUMA Support: Disabled
[2025-03-30T00:27:34.758+0800][0.088s] Compressed Oops: Enabled (Zero based)
[2025-03-30T00:27:34.758+0800][0.088s] Heap Region Size: 1M
[2025-03-30T00:27:34.758+0800][0.088s] Heap Min Capacity: 512M
[2025-03-30T00:27:34.758+0800][0.088s] Heap Initial Capacity: 512M
[2025-03-30T00:27:34.758+0800][0.088s] Heap Max Capacity: 512M
[2025-03-30T00:27:34.758+0800][0.088s] Pre-touch: Enabled
[2025-03-30T00:27:34.758+0800][0.088s] Parallel Workers: 8
[2025-03-30T00:27:34.758+0800][0.088s] Concurrent Workers: 2
[2025-03-30T00:27:34.758+0800][0.088s] Concurrent Refinement Workers: 8
[2025-03-30T00:27:34.758+0800][0.088s] Periodic GC: Disabled
[2025-03-30T00:27:34.758+0800][0.088s] CDS archive(s) not mapped
[2025-03-30T00:27:34.758+0800][0.088s] Compressed class space mapped at: 0x0000000800000000-0x0000000840000000, reserved size: 1073741824
[2025-03-30T00:27:34.758+0800][0.088s] Narrow klass base: 0x0000000800000000, Narrow klass shift: 0, Narrow klass range: 0x40000000
[2025-03-30T00:27:35.103+0800][0.433s] GC(0) Pause Young (Normal) (G1 Evacuation Pause)
[2025-03-30T00:27:35.103+0800][0.433s] GC(0) Using 8 workers of 8 for evacuation
[2025-03-30T00:27:35.105+0800][0.435s] GC(0)   Pre Evacuate Collection Set: 0.1ms
[2025-03-30T00:27:35.105+0800][0.435s] GC(0)   Merge Heap Roots: 0.0ms
[2025-03-30T00:27:35.105+0800][0.435s] GC(0)   Evacuate Collection Set: 1.6ms
[2025-03-30T00:27:35.105+0800][0.435s] GC(0)   Post Evacuate Collection Set: 0.2ms
[2025-03-30T00:27:35.105+0800][0.435s] GC(0)   Other: 0.4ms
[2025-03-30T00:27:35.105+0800][0.435s] GC(0) Eden regions: 29->0(41)
[2025-03-30T00:27:35.105+0800][0.435s] GC(0) Survivor regions: 0->4(4)
[2025-03-30T00:27:35.105+0800][0.435s] GC(0) Old regions: 0->1
[2025-03-30T00:27:35.105+0800][0.435s] GC(0) Archive regions: 0->0
[2025-03-30T00:27:35.105+0800][0.435s] GC(0) Humongous regions: 0->0
[2025-03-30T00:27:35.105+0800][0.435s] GC(0) Metaspace: 16915K(17088K)->16915K(17088K) NonClass: 15143K(15232K)->15143K(15232K) Class: 1771K(1856K)->1771K(1856K)
[2025-03-30T00:27:35.106+0800][0.435s] GC(0) Pause Young (Normal) (G1 Evacuation Pause) 29M->4M(512M) 2.365ms
[2025-03-30T00:27:35.106+0800][0.435s] GC(0) User=0.01s Sys=0.00s Real=0.00s
[2025-03-30T00:27:35.591+0800][0.920s] GC(1) Pause Young (Concurrent Start) (Metadata GC Threshold)
[2025-03-30T00:27:35.591+0800][0.920s] GC(1) Using 8 workers of 8 for evacuation
[2025-03-30T00:27:35.595+0800][0.925s] GC(1)   Pre Evacuate Collection Set: 0.1ms
[2025-03-30T00:27:35.595+0800][0.925s] GC(1)   Merge Heap Roots: 0.0ms
[2025-03-30T00:27:35.595+0800][0.925s] GC(1)   Evacuate Collection Set: 4.3ms
[2025-03-30T00:27:35.595+0800][0.925s] GC(1)   Post Evacuate Collection Set: 0.2ms
[2025-03-30T00:27:35.595+0800][0.925s] GC(1)   Other: 0.1ms
[2025-03-30T00:27:35.595+0800][0.925s] GC(1) Eden regions: 17->0(57)
[2025-03-30T00:27:35.595+0800][0.925s] GC(1) Survivor regions: 4->6(6)
[2025-03-30T00:27:35.595+0800][0.925s] GC(1) Old regions: 1->6
[2025-03-30T00:27:35.595+0800][0.925s] GC(1) Archive regions: 0->0
[2025-03-30T00:27:35.595+0800][0.925s] GC(1) Humongous regions: 4->4
[2025-03-30T00:27:35.595+0800][0.925s] GC(1) Metaspace: 21234K(21504K)->21234K(21504K) NonClass: 18953K(19072K)->18953K(19072K) Class: 2281K(2432K)->2281K(2432K)
[2025-03-30T00:27:35.595+0800][0.925s] GC(1) Pause Young (Concurrent Start) (Metadata GC Threshold) 25M->15M(512M) 4.750ms
[2025-03-30T00:27:35.595+0800][0.925s] GC(1) User=0.03s Sys=0.01s Real=0.00s
[2025-03-30T00:27:35.595+0800][0.925s] GC(2) Concurrent Mark Cycle
[2025-03-30T00:27:35.595+0800][0.925s] GC(2) Concurrent Clear Claimed Marks
[2025-03-30T00:27:35.595+0800][0.925s] GC(2) Concurrent Clear Claimed Marks 0.010ms
[2025-03-30T00:27:35.595+0800][0.925s] GC(2) Concurrent Scan Root Regions
[2025-03-30T00:27:35.598+0800][0.927s] GC(2) Concurrent Scan Root Regions 2.375ms
[2025-03-30T00:27:35.598+0800][0.927s] GC(2) Concurrent Mark
[2025-03-30T00:27:35.598+0800][0.927s] GC(2) Concurrent Mark From Roots
[2025-03-30T00:27:35.598+0800][0.927s] GC(2) Using 2 workers of 2 for marking
[2025-03-30T00:27:35.598+0800][0.928s] GC(2) Concurrent Mark From Roots 0.466ms
[2025-03-30T00:27:35.598+0800][0.928s] GC(2) Concurrent Preclean
[2025-03-30T00:27:35.598+0800][0.928s] GC(2) Concurrent Preclean 0.012ms
[2025-03-30T00:27:35.598+0800][0.928s] GC(2) Pause Remark
[2025-03-30T00:27:35.599+0800][0.929s] GC(2) Pause Remark 16M->16M(512M) 0.594ms
[2025-03-30T00:27:35.599+0800][0.929s] GC(2) User=0.00s Sys=0.00s Real=0.00s
[2025-03-30T00:27:35.599+0800][0.929s] GC(2) Concurrent Mark 1.194ms
[2025-03-30T00:27:35.599+0800][0.929s] GC(2) Concurrent Rebuild Remembered Sets
[2025-03-30T00:27:35.599+0800][0.929s] GC(2) Concurrent Rebuild Remembered Sets 0.004ms
[2025-03-30T00:27:35.599+0800][0.929s] GC(2) Pause Cleanup
[2025-03-30T00:27:35.599+0800][0.929s] GC(2) Pause Cleanup 16M->16M(512M) 0.008ms
[2025-03-30T00:27:35.599+0800][0.929s] GC(2) User=0.00s Sys=0.00s Real=0.00s
[2025-03-30T00:27:35.599+0800][0.929s] GC(2) Concurrent Cleanup for Next Mark
[2025-03-30T00:27:35.600+0800][0.929s] GC(2) Concurrent Cleanup for Next Mark 0.451ms
[2025-03-30T00:27:35.600+0800][0.929s] GC(2) Concurrent Mark Cycle 4.229ms
[2025-03-30T00:27:35.815+0800][1.145s] GC(3) Pause Young (Normal) (G1 Evacuation Pause)
[2025-03-30T00:27:35.815+0800][1.145s] GC(3) Using 8 workers of 8 for evacuation
[2025-03-30T00:27:35.818+0800][1.148s] GC(3)   Pre Evacuate Collection Set: 0.1ms
[2025-03-30T00:27:35.818+0800][1.148s] GC(3)   Merge Heap Roots: 0.0ms
[2025-03-30T00:27:35.818+0800][1.148s] GC(3)   Evacuate Collection Set: 2.3ms
[2025-03-30T00:27:35.818+0800][1.148s] GC(3)   Post Evacuate Collection Set: 0.1ms
[2025-03-30T00:27:35.818+0800][1.148s] GC(3)   Other: 0.1ms
[2025-03-30T00:27:35.818+0800][1.148s] GC(3) Eden regions: 57->0(117)
[2025-03-30T00:27:35.818+0800][1.148s] GC(3) Survivor regions: 6->4(8)
[2025-03-30T00:27:35.818+0800][1.148s] GC(3) Old regions: 6->13
[2025-03-30T00:27:35.818+0800][1.148s] GC(3) Archive regions: 0->0
[2025-03-30T00:27:35.818+0800][1.148s] GC(3) Humongous regions: 4->4
[2025-03-30T00:27:35.818+0800][1.148s] GC(3) Metaspace: 27522K(27776K)->27522K(27776K) NonClass: 24526K(24640K)->24526K(24640K) Class: 2996K(3136K)->2996K(3136K)
[2025-03-30T00:27:35.818+0800][1.148s] GC(3) Pause Young (Normal) (G1 Evacuation Pause) 72M->19M(512M) 2.726ms
[2025-03-30T00:27:35.818+0800][1.148s] GC(3) User=0.02s Sys=0.00s Real=0.00s
[2025-03-30T00:27:36.447+0800][1.776s] GC(4) Pause Young (Concurrent Start) (Metadata GC Threshold)
[2025-03-30T00:27:36.447+0800][1.776s] GC(4) Using 8 workers of 8 for evacuation
[2025-03-30T00:27:36.449+0800][1.778s] GC(4)   Pre Evacuate Collection Set: 0.1ms
[2025-03-30T00:27:36.449+0800][1.779s] GC(4)   Merge Heap Roots: 0.0ms
[2025-03-30T00:27:36.449+0800][1.779s] GC(4)   Evacuate Collection Set: 1.8ms
[2025-03-30T00:27:36.449+0800][1.779s] GC(4)   Post Evacuate Collection Set: 0.2ms
[2025-03-30T00:27:36.449+0800][1.779s] GC(4)   Other: 0.1ms
[2025-03-30T00:27:36.449+0800][1.779s] GC(4) Eden regions: 116->0(298)
[2025-03-30T00:27:36.449+0800][1.779s] GC(4) Survivor regions: 4->9(16)
[2025-03-30T00:27:36.449+0800][1.779s] GC(4) Old regions: 13->13
[2025-03-30T00:27:36.449+0800][1.779s] GC(4) Archive regions: 0->0
[2025-03-30T00:27:36.449+0800][1.779s] GC(4) Humongous regions: 4->4
[2025-03-30T00:27:36.449+0800][1.779s] GC(4) Metaspace: 35978K(36288K)->35978K(36288K) NonClass: 31934K(32128K)->31934K(32128K) Class: 4043K(4160K)->4043K(4160K)
[2025-03-30T00:27:36.449+0800][1.779s] GC(4) Pause Young (Concurrent Start) (Metadata GC Threshold) 135M->24M(512M) 2.279ms
[2025-03-30T00:27:36.449+0800][1.779s] GC(4) User=0.01s Sys=0.00s Real=0.00s
[2025-03-30T00:27:36.449+0800][1.779s] GC(5) Concurrent Mark Cycle
[2025-03-30T00:27:36.449+0800][1.779s] GC(5) Concurrent Clear Claimed Marks
[2025-03-30T00:27:36.449+0800][1.779s] GC(5) Concurrent Clear Claimed Marks 0.007ms
[2025-03-30T00:27:36.449+0800][1.779s] GC(5) Concurrent Scan Root Regions
[2025-03-30T00:27:36.450+0800][1.780s] GC(5) Concurrent Scan Root Regions 1.109ms
[2025-03-30T00:27:36.450+0800][1.780s] GC(5) Concurrent Mark
[2025-03-30T00:27:36.450+0800][1.780s] GC(5) Concurrent Mark From Roots
[2025-03-30T00:27:36.450+0800][1.780s] GC(5) Using 2 workers of 2 for marking
[2025-03-30T00:27:36.455+0800][1.785s] GC(5) Concurrent Mark From Roots 5.238ms
[2025-03-30T00:27:36.456+0800][1.785s] GC(5) Concurrent Preclean
[2025-03-30T00:27:36.456+0800][1.785s] GC(5) Concurrent Preclean 0.056ms
[2025-03-30T00:27:36.456+0800][1.785s] GC(5) Pause Remark
[2025-03-30T00:27:36.457+0800][1.786s] GC(5) Pause Remark 26M->26M(512M) 0.963ms
[2025-03-30T00:27:36.457+0800][1.786s] GC(5) User=0.00s Sys=0.00s Real=0.00s
[2025-03-30T00:27:36.457+0800][1.786s] GC(5) Concurrent Mark 6.471ms
[2025-03-30T00:27:36.457+0800][1.786s] GC(5) Concurrent Rebuild Remembered Sets
[2025-03-30T00:27:36.460+0800][1.789s] GC(5) Concurrent Rebuild Remembered Sets 3.236ms
[2025-03-30T00:27:36.460+0800][1.790s] GC(5) Pause Cleanup
[2025-03-30T00:27:36.460+0800][1.790s] GC(5) Pause Cleanup 26M->26M(512M) 0.081ms
[2025-03-30T00:27:36.460+0800][1.790s] GC(5) User=0.00s Sys=0.00s Real=0.00s
[2025-03-30T00:27:36.460+0800][1.790s] GC(5) Concurrent Cleanup for Next Mark
[2025-03-30T00:27:36.461+0800][1.790s] GC(5) Concurrent Cleanup for Next Mark 0.479ms
[2025-03-30T00:27:36.461+0800][1.790s] GC(5) Concurrent Mark Cycle 11.612ms
[2025-03-30T00:27:37.242+0800][2.571s] GC(6) Pause Young (Prepare Mixed) (Metadata GC Threshold)
[2025-03-30T00:27:37.242+0800][2.571s] GC(6) Using 8 workers of 8 for evacuation
[2025-03-30T00:27:37.249+0800][2.579s] GC(6)   Pre Evacuate Collection Set: 0.1ms
[2025-03-30T00:27:37.249+0800][2.579s] GC(6)   Merge Heap Roots: 0.1ms
[2025-03-30T00:27:37.249+0800][2.579s] GC(6)   Evacuate Collection Set: 6.8ms
[2025-03-30T00:27:37.249+0800][2.579s] GC(6)   Post Evacuate Collection Set: 0.6ms
[2025-03-30T00:27:37.249+0800][2.579s] GC(6)   Other: 0.1ms
[2025-03-30T00:27:37.249+0800][2.579s] GC(6) Eden regions: 189->0(1)
[2025-03-30T00:27:37.249+0800][2.579s] GC(6) Survivor regions: 9->24(39)
[2025-03-30T00:27:37.249+0800][2.579s] GC(6) Old regions: 13->13
[2025-03-30T00:27:37.249+0800][2.579s] GC(6) Archive regions: 0->0
[2025-03-30T00:27:37.249+0800][2.579s] GC(6) Humongous regions: 4->4
[2025-03-30T00:27:37.249+0800][2.579s] GC(6) Metaspace: 60577K(61056K)->60577K(61056K) NonClass: 53258K(53504K)->53258K(53504K) Class: 7319K(7552K)->7319K(7552K)
[2025-03-30T00:27:37.249+0800][2.579s] GC(6) Pause Young (Prepare Mixed) (Metadata GC Threshold) 213M->40M(512M) 7.621ms
[2025-03-30T00:27:37.249+0800][2.579s] GC(6) User=0.04s Sys=0.00s Real=0.00s
[2025-03-30T00:27:37.258+0800][2.587s] GC(7) Pause Young (Mixed) (G1 Evacuation Pause)
[2025-03-30T00:27:37.258+0800][2.587s] GC(7) Using 8 workers of 8 for evacuation
[2025-03-30T00:27:37.268+0800][2.597s] GC(7)   Pre Evacuate Collection Set: 0.0ms
[2025-03-30T00:27:37.268+0800][2.597s] GC(7)   Merge Heap Roots: 0.0ms
[2025-03-30T00:27:37.268+0800][2.597s] GC(7)   Evacuate Collection Set: 9.7ms
[2025-03-30T00:27:37.268+0800][2.597s] GC(7)   Post Evacuate Collection Set: 0.4ms
[2025-03-30T00:27:37.268+0800][2.597s] GC(7)   Other: 0.1ms
[2025-03-30T00:27:37.268+0800][2.597s] GC(7) Eden regions: 1->0(305)
[2025-03-30T00:27:37.268+0800][2.597s] GC(7) Survivor regions: 24->2(4)
[2025-03-30T00:27:37.268+0800][2.597s] GC(7) Old regions: 13->36
[2025-03-30T00:27:37.268+0800][2.597s] GC(7) Archive regions: 0->0
[2025-03-30T00:27:37.268+0800][2.597s] GC(7) Humongous regions: 4->4
[2025-03-30T00:27:37.268+0800][2.597s] GC(7) Metaspace: 60781K(61312K)->60781K(61312K) NonClass: 53443K(53760K)->53443K(53760K) Class: 7338K(7552K)->7338K(7552K)
[2025-03-30T00:27:37.268+0800][2.597s] GC(7) Pause Young (Mixed) (G1 Evacuation Pause) 41M->41M(512M) 10.280ms
[2025-03-30T00:27:37.268+0800][2.597s] GC(7) User=0.04s Sys=0.02s Real=0.01s
[2025-03-30T00:27:37.273+0800][2.603s] GC(8) Pause Young (Concurrent Start) (Metadata GC Threshold)
[2025-03-30T00:27:37.273+0800][2.603s] GC(8) Using 8 workers of 8 for evacuation
[2025-03-30T00:27:37.274+0800][2.604s] GC(8)   Pre Evacuate Collection Set: 0.1ms
[2025-03-30T00:27:37.274+0800][2.604s] GC(8)   Merge Heap Roots: 0.0ms
[2025-03-30T00:27:37.274+0800][2.604s] GC(8)   Evacuate Collection Set: 0.4ms
[2025-03-30T00:27:37.274+0800][2.604s] GC(8)   Post Evacuate Collection Set: 0.2ms
[2025-03-30T00:27:37.274+0800][2.604s] GC(8)   Other: 0.1ms
[2025-03-30T00:27:37.274+0800][2.604s] GC(8) Eden regions: 1->0(306)
[2025-03-30T00:27:37.274+0800][2.604s] GC(8) Survivor regions: 2->1(39)
[2025-03-30T00:27:37.274+0800][2.604s] GC(8) Old regions: 36->36
[2025-03-30T00:27:37.274+0800][2.604s] GC(8) Archive regions: 0->0
[2025-03-30T00:27:37.274+0800][2.604s] GC(8) Humongous regions: 4->4
[2025-03-30T00:27:37.274+0800][2.604s] GC(8) Metaspace: 60911K(61376K)->60911K(61376K) NonClass: 53550K(53824K)->53550K(53824K) Class: 7360K(7552K)->7360K(7552K)
[2025-03-30T00:27:37.274+0800][2.604s] GC(8) Pause Young (Concurrent Start) (Metadata GC Threshold) 42M->39M(512M) 0.882ms
[2025-03-30T00:27:37.274+0800][2.604s] GC(8) User=0.00s Sys=0.00s Real=0.00s
[2025-03-30T00:27:37.274+0800][2.604s] GC(9) Concurrent Mark Cycle
[2025-03-30T00:27:37.274+0800][2.604s] GC(9) Concurrent Clear Claimed Marks
[2025-03-30T00:27:37.274+0800][2.604s] GC(9) Concurrent Clear Claimed Marks 0.008ms
[2025-03-30T00:27:37.274+0800][2.604s] GC(9) Concurrent Scan Root Regions
[2025-03-30T00:27:37.275+0800][2.604s] GC(9) Concurrent Scan Root Regions 0.322ms
[2025-03-30T00:27:37.275+0800][2.604s] GC(9) Concurrent Mark
[2025-03-30T00:27:37.275+0800][2.604s] GC(9) Concurrent Mark From Roots
[2025-03-30T00:27:37.275+0800][2.604s] GC(9) Using 2 workers of 2 for marking
[2025-03-30T00:27:37.290+0800][2.620s] GC(9) Concurrent Mark From Roots 15.370ms
[2025-03-30T00:27:37.290+0800][2.620s] GC(9) Concurrent Preclean
[2025-03-30T00:27:37.290+0800][2.620s] GC(9) Concurrent Preclean 0.073ms
[2025-03-30T00:27:37.290+0800][2.620s] GC(9) Pause Remark
[2025-03-30T00:27:37.291+0800][2.621s] GC(9) Pause Remark 42M->42M(512M) 1.249ms
[2025-03-30T00:27:37.292+0800][2.621s] GC(9) User=0.01s Sys=0.00s Real=0.00s
[2025-03-30T00:27:37.292+0800][2.621s] GC(9) Concurrent Mark 16.829ms
[2025-03-30T00:27:37.292+0800][2.621s] GC(9) Concurrent Rebuild Remembered Sets
[2025-03-30T00:27:37.300+0800][2.629s] GC(9) Concurrent Rebuild Remembered Sets 8.325ms
[2025-03-30T00:27:37.300+0800][2.630s] GC(9) Pause Cleanup
[2025-03-30T00:27:37.300+0800][2.630s] GC(9) Pause Cleanup 43M->43M(512M) 0.060ms
[2025-03-30T00:27:37.300+0800][2.630s] GC(9) User=0.00s Sys=0.00s Real=0.00s
[2025-03-30T00:27:37.300+0800][2.630s] GC(9) Concurrent Cleanup for Next Mark
[2025-03-30T00:27:37.300+0800][2.630s] GC(9) Concurrent Cleanup for Next Mark 0.266ms
[2025-03-30T00:27:37.300+0800][2.630s] GC(9) Concurrent Mark Cycle 25.996ms
[2025-03-30T00:31:36.390+0800][241.717s] Heap
[2025-03-30T00:31:36.390+0800][241.717s]  garbage-first heap   total 524288K, used 83101K [0x00000007e0000000, 0x0000000800000000)
[2025-03-30T00:31:36.390+0800][241.717s]   region size 1024K, 43 young (44032K), 1 survivors (1024K)
[2025-03-30T00:31:36.390+0800][241.717s]  Metaspace       used 63588K, committed 64128K, reserved 1105920K
[2025-03-30T00:31:36.390+0800][241.717s]   class space    used 7748K, committed 8000K, reserved 1048576K
