[2025-03-30T00:31:38.454+0800][0.004s] Using G1
[2025-03-30T00:31:38.581+0800][0.132s] Version: 17.0.3+7 (release)
[2025-03-30T00:31:38.581+0800][0.132s] CPUs: 8 total, 8 available
[2025-03-30T00:31:38.581+0800][0.132s] Memory: 8192M
[2025-03-30T00:31:38.581+0800][0.132s] Large Page Support: Disabled
[2025-03-30T00:31:38.581+0800][0.132s] NUMA Support: Disabled
[2025-03-30T00:31:38.581+0800][0.132s] Compressed Oops: Enabled (Zero based)
[2025-03-30T00:31:38.581+0800][0.132s] Heap Region Size: 1M
[2025-03-30T00:31:38.581+0800][0.132s] Heap Min Capacity: 512M
[2025-03-30T00:31:38.581+0800][0.132s] Heap Initial Capacity: 512M
[2025-03-30T00:31:38.581+0800][0.132s] Heap Max Capacity: 512M
[2025-03-30T00:31:38.581+0800][0.132s] Pre-touch: Enabled
[2025-03-30T00:31:38.581+0800][0.132s] Parallel Workers: 8
[2025-03-30T00:31:38.581+0800][0.132s] Concurrent Workers: 2
[2025-03-30T00:31:38.581+0800][0.132s] Concurrent Refinement Workers: 8
[2025-03-30T00:31:38.581+0800][0.132s] Periodic GC: Disabled
[2025-03-30T00:31:38.582+0800][0.132s] CDS archive(s) not mapped
[2025-03-30T00:31:38.582+0800][0.132s] Compressed class space mapped at: 0x0000000800000000-0x0000000840000000, reserved size: 1073741824
[2025-03-30T00:31:38.582+0800][0.132s] Narrow klass base: 0x0000000800000000, Narrow klass shift: 0, Narrow klass range: 0x40000000
[2025-03-30T00:31:38.940+0800][0.490s] GC(0) Pause Young (Normal) (G1 Evacuation Pause)
[2025-03-30T00:31:38.940+0800][0.490s] GC(0) Using 8 workers of 8 for evacuation
[2025-03-30T00:31:38.942+0800][0.493s] GC(0)   Pre Evacuate Collection Set: 0.1ms
[2025-03-30T00:31:38.942+0800][0.493s] GC(0)   Merge Heap Roots: 0.0ms
[2025-03-30T00:31:38.942+0800][0.493s] GC(0)   Evacuate Collection Set: 2.0ms
[2025-03-30T00:31:38.942+0800][0.493s] GC(0)   Post Evacuate Collection Set: 0.2ms
[2025-03-30T00:31:38.942+0800][0.493s] GC(0)   Other: 0.3ms
[2025-03-30T00:31:38.942+0800][0.493s] GC(0) Eden regions: 29->0(41)
[2025-03-30T00:31:38.942+0800][0.493s] GC(0) Survivor regions: 0->4(4)
[2025-03-30T00:31:38.942+0800][0.493s] GC(0) Old regions: 0->1
[2025-03-30T00:31:38.942+0800][0.493s] GC(0) Archive regions: 0->0
[2025-03-30T00:31:38.942+0800][0.493s] GC(0) Humongous regions: 0->0
[2025-03-30T00:31:38.942+0800][0.493s] GC(0) Metaspace: 16368K(16512K)->16368K(16512K) NonClass: 14646K(14720K)->14646K(14720K) Class: 1722K(1792K)->1722K(1792K)
[2025-03-30T00:31:38.942+0800][0.493s] GC(0) Pause Young (Normal) (G1 Evacuation Pause) 29M->4M(512M) 2.773ms
[2025-03-30T00:31:38.942+0800][0.493s] GC(0) User=0.01s Sys=0.00s Real=0.00s
[2025-03-30T00:31:39.495+0800][1.045s] GC(1) Pause Young (Concurrent Start) (Metadata GC Threshold)
[2025-03-30T00:31:39.495+0800][1.045s] GC(1) Using 8 workers of 8 for evacuation
[2025-03-30T00:31:39.501+0800][1.051s] GC(1)   Pre Evacuate Collection Set: 0.1ms
[2025-03-30T00:31:39.501+0800][1.051s] GC(1)   Merge Heap Roots: 0.0ms
[2025-03-30T00:31:39.501+0800][1.051s] GC(1)   Evacuate Collection Set: 5.8ms
[2025-03-30T00:31:39.501+0800][1.051s] GC(1)   Post Evacuate Collection Set: 0.2ms
[2025-03-30T00:31:39.501+0800][1.051s] GC(1)   Other: 0.1ms
[2025-03-30T00:31:39.501+0800][1.051s] GC(1) Eden regions: 17->0(54)
[2025-03-30T00:31:39.501+0800][1.051s] GC(1) Survivor regions: 4->6(6)
[2025-03-30T00:31:39.501+0800][1.051s] GC(1) Old regions: 1->6
[2025-03-30T00:31:39.501+0800][1.051s] GC(1) Archive regions: 0->0
[2025-03-30T00:31:39.501+0800][1.051s] GC(1) Humongous regions: 4->4
[2025-03-30T00:31:39.501+0800][1.051s] GC(1) Metaspace: 21242K(21504K)->21242K(21504K) NonClass: 18956K(19072K)->18956K(19072K) Class: 2285K(2432K)->2285K(2432K)
[2025-03-30T00:31:39.501+0800][1.051s] GC(1) Pause Young (Concurrent Start) (Metadata GC Threshold) 25M->15M(512M) 6.213ms
[2025-03-30T00:31:39.501+0800][1.051s] GC(1) User=0.03s Sys=0.01s Real=0.01s
[2025-03-30T00:31:39.501+0800][1.051s] GC(2) Concurrent Mark Cycle
[2025-03-30T00:31:39.501+0800][1.051s] GC(2) Concurrent Clear Claimed Marks
[2025-03-30T00:31:39.501+0800][1.051s] GC(2) Concurrent Clear Claimed Marks 0.011ms
[2025-03-30T00:31:39.501+0800][1.051s] GC(2) Concurrent Scan Root Regions
[2025-03-30T00:31:39.503+0800][1.054s] GC(2) Concurrent Scan Root Regions 2.324ms
[2025-03-30T00:31:39.503+0800][1.054s] GC(2) Concurrent Mark
[2025-03-30T00:31:39.503+0800][1.054s] GC(2) Concurrent Mark From Roots
[2025-03-30T00:31:39.503+0800][1.054s] GC(2) Using 2 workers of 2 for marking
[2025-03-30T00:31:39.504+0800][1.054s] GC(2) Concurrent Mark From Roots 0.446ms
[2025-03-30T00:31:39.504+0800][1.054s] GC(2) Concurrent Preclean
[2025-03-30T00:31:39.504+0800][1.054s] GC(2) Concurrent Preclean 0.014ms
[2025-03-30T00:31:39.504+0800][1.054s] GC(2) Pause Remark
[2025-03-30T00:31:39.504+0800][1.055s] GC(2) Pause Remark 16M->16M(512M) 0.594ms
[2025-03-30T00:31:39.504+0800][1.055s] GC(2) User=0.00s Sys=0.00s Real=0.00s
[2025-03-30T00:31:39.504+0800][1.055s] GC(2) Concurrent Mark 1.213ms
[2025-03-30T00:31:39.504+0800][1.055s] GC(2) Concurrent Rebuild Remembered Sets
[2025-03-30T00:31:39.504+0800][1.055s] GC(2) Concurrent Rebuild Remembered Sets 0.004ms
[2025-03-30T00:31:39.505+0800][1.055s] GC(2) Pause Cleanup
[2025-03-30T00:31:39.505+0800][1.055s] GC(2) Pause Cleanup 16M->16M(512M) 0.007ms
[2025-03-30T00:31:39.505+0800][1.055s] GC(2) User=0.00s Sys=0.00s Real=0.00s
[2025-03-30T00:31:39.505+0800][1.055s] GC(2) Concurrent Cleanup for Next Mark
[2025-03-30T00:31:39.505+0800][1.056s] GC(2) Concurrent Cleanup for Next Mark 0.421ms
[2025-03-30T00:31:39.505+0800][1.056s] GC(2) Concurrent Mark Cycle 4.446ms
[2025-03-30T00:31:39.708+0800][1.258s] GC(3) Pause Young (Normal) (G1 Evacuation Pause)
[2025-03-30T00:31:39.708+0800][1.259s] GC(3) Using 8 workers of 8 for evacuation
[2025-03-30T00:31:39.711+0800][1.262s] GC(3)   Pre Evacuate Collection Set: 0.1ms
[2025-03-30T00:31:39.711+0800][1.262s] GC(3)   Merge Heap Roots: 0.0ms
[2025-03-30T00:31:39.711+0800][1.262s] GC(3)   Evacuate Collection Set: 2.9ms
[2025-03-30T00:31:39.711+0800][1.262s] GC(3)   Post Evacuate Collection Set: 0.2ms
[2025-03-30T00:31:39.711+0800][1.262s] GC(3)   Other: 0.1ms
[2025-03-30T00:31:39.711+0800][1.262s] GC(3) Eden regions: 54->0(113)
[2025-03-30T00:31:39.711+0800][1.262s] GC(3) Survivor regions: 6->4(8)
[2025-03-30T00:31:39.711+0800][1.262s] GC(3) Old regions: 6->13
[2025-03-30T00:31:39.711+0800][1.262s] GC(3) Archive regions: 0->0
[2025-03-30T00:31:39.711+0800][1.262s] GC(3) Humongous regions: 4->4
[2025-03-30T00:31:39.711+0800][1.262s] GC(3) Metaspace: 27512K(27776K)->27512K(27776K) NonClass: 24517K(24640K)->24517K(24640K) Class: 2994K(3136K)->2994K(3136K)
[2025-03-30T00:31:39.711+0800][1.262s] GC(3) Pause Young (Normal) (G1 Evacuation Pause) 69M->19M(512M) 3.372ms
[2025-03-30T00:31:39.711+0800][1.262s] GC(3) User=0.02s Sys=0.00s Real=0.01s
[2025-03-30T00:31:40.244+0800][1.795s] GC(4) Pause Young (Normal) (G1 Evacuation Pause)
[2025-03-30T00:31:40.244+0800][1.795s] GC(4) Using 8 workers of 8 for evacuation
[2025-03-30T00:31:40.246+0800][1.797s] GC(4)   Pre Evacuate Collection Set: 0.1ms
[2025-03-30T00:31:40.246+0800][1.797s] GC(4)   Merge Heap Roots: 0.0ms
[2025-03-30T00:31:40.247+0800][1.797s] GC(4)   Evacuate Collection Set: 2.0ms
[2025-03-30T00:31:40.247+0800][1.797s] GC(4)   Post Evacuate Collection Set: 0.2ms
[2025-03-30T00:31:40.247+0800][1.797s] GC(4)   Other: 0.1ms
[2025-03-30T00:31:40.247+0800][1.797s] GC(4) Eden regions: 113->0(298)
[2025-03-30T00:31:40.247+0800][1.797s] GC(4) Survivor regions: 4->9(15)
[2025-03-30T00:31:40.247+0800][1.797s] GC(4) Old regions: 13->13
[2025-03-30T00:31:40.247+0800][1.797s] GC(4) Archive regions: 0->0
[2025-03-30T00:31:40.247+0800][1.797s] GC(4) Humongous regions: 4->4
[2025-03-30T00:31:40.247+0800][1.797s] GC(4) Metaspace: 33839K(34176K)->33839K(34176K) NonClass: 30014K(30208K)->30014K(30208K) Class: 3825K(3968K)->3825K(3968K)
[2025-03-30T00:31:40.247+0800][1.797s] GC(4) Pause Young (Normal) (G1 Evacuation Pause) 132M->24M(512M) 2.557ms
[2025-03-30T00:31:40.247+0800][1.797s] GC(4) User=0.01s Sys=0.01s Real=0.00s
[2025-03-30T00:31:40.341+0800][1.891s] GC(5) Pause Young (Concurrent Start) (Metadata GC Threshold)
[2025-03-30T00:31:40.341+0800][1.891s] GC(5) Using 8 workers of 8 for evacuation
[2025-03-30T00:31:40.343+0800][1.894s] GC(5)   Pre Evacuate Collection Set: 0.1ms
[2025-03-30T00:31:40.343+0800][1.894s] GC(5)   Merge Heap Roots: 0.0ms
[2025-03-30T00:31:40.343+0800][1.894s] GC(5)   Evacuate Collection Set: 2.1ms
[2025-03-30T00:31:40.343+0800][1.894s] GC(5)   Post Evacuate Collection Set: 0.2ms
[2025-03-30T00:31:40.343+0800][1.894s] GC(5)   Other: 0.1ms
[2025-03-30T00:31:40.343+0800][1.894s] GC(5) Eden regions: 17->0(297)
[2025-03-30T00:31:40.343+0800][1.894s] GC(5) Survivor regions: 9->10(39)
[2025-03-30T00:31:40.343+0800][1.894s] GC(5) Old regions: 13->13
[2025-03-30T00:31:40.343+0800][1.894s] GC(5) Archive regions: 0->0
[2025-03-30T00:31:40.343+0800][1.894s] GC(5) Humongous regions: 4->4
[2025-03-30T00:31:40.343+0800][1.894s] GC(5) Metaspace: 35988K(36288K)->35988K(36288K) NonClass: 31944K(32064K)->31944K(32064K) Class: 4044K(4224K)->4044K(4224K)
[2025-03-30T00:31:40.343+0800][1.894s] GC(5) Pause Young (Concurrent Start) (Metadata GC Threshold) 41M->25M(512M) 2.570ms
[2025-03-30T00:31:40.343+0800][1.894s] GC(5) User=0.01s Sys=0.00s Real=0.00s
[2025-03-30T00:31:40.343+0800][1.894s] GC(6) Concurrent Mark Cycle
[2025-03-30T00:31:40.343+0800][1.894s] GC(6) Concurrent Clear Claimed Marks
[2025-03-30T00:31:40.343+0800][1.894s] GC(6) Concurrent Clear Claimed Marks 0.014ms
[2025-03-30T00:31:40.343+0800][1.894s] GC(6) Concurrent Scan Root Regions
[2025-03-30T00:31:40.345+0800][1.896s] GC(6) Concurrent Scan Root Regions 1.649ms
[2025-03-30T00:31:40.345+0800][1.896s] GC(6) Concurrent Mark
[2025-03-30T00:31:40.345+0800][1.896s] GC(6) Concurrent Mark From Roots
[2025-03-30T00:31:40.345+0800][1.896s] GC(6) Using 2 workers of 2 for marking
[2025-03-30T00:31:40.350+0800][1.901s] GC(6) Concurrent Mark From Roots 5.226ms
[2025-03-30T00:31:40.350+0800][1.901s] GC(6) Concurrent Preclean
[2025-03-30T00:31:40.350+0800][1.901s] GC(6) Concurrent Preclean 0.046ms
[2025-03-30T00:31:40.350+0800][1.901s] GC(6) Pause Remark
[2025-03-30T00:31:40.352+0800][1.902s] GC(6) Pause Remark 26M->26M(512M) 1.078ms
[2025-03-30T00:31:40.352+0800][1.902s] GC(6) User=0.00s Sys=0.01s Real=0.00s
[2025-03-30T00:31:40.352+0800][1.902s] GC(6) Concurrent Mark 6.517ms
[2025-03-30T00:31:40.352+0800][1.902s] GC(6) Concurrent Rebuild Remembered Sets
[2025-03-30T00:31:40.355+0800][1.906s] GC(6) Concurrent Rebuild Remembered Sets 3.335ms
[2025-03-30T00:31:40.355+0800][1.906s] GC(6) Pause Cleanup
[2025-03-30T00:31:40.355+0800][1.906s] GC(6) Pause Cleanup 27M->27M(512M) 0.043ms
[2025-03-30T00:31:40.355+0800][1.906s] GC(6) User=0.00s Sys=0.00s Real=0.00s
[2025-03-30T00:31:40.355+0800][1.906s] GC(6) Concurrent Cleanup for Next Mark
[2025-03-30T00:31:40.356+0800][1.907s] GC(6) Concurrent Cleanup for Next Mark 0.728ms
[2025-03-30T00:31:40.356+0800][1.907s] GC(6) Concurrent Mark Cycle 12.582ms
[2025-03-30T00:31:41.114+0800][2.664s] GC(7) Pause Young (Prepare Mixed) (Metadata GC Threshold)
[2025-03-30T00:31:41.114+0800][2.664s] GC(7) Using 8 workers of 8 for evacuation
[2025-03-30T00:31:41.121+0800][2.672s] GC(7)   Pre Evacuate Collection Set: 0.1ms
[2025-03-30T00:31:41.121+0800][2.672s] GC(7)   Merge Heap Roots: 0.0ms
[2025-03-30T00:31:41.121+0800][2.672s] GC(7)   Evacuate Collection Set: 6.9ms
[2025-03-30T00:31:41.121+0800][2.672s] GC(7)   Post Evacuate Collection Set: 0.6ms
[2025-03-30T00:31:41.121+0800][2.672s] GC(7)   Other: 0.1ms
[2025-03-30T00:31:41.121+0800][2.672s] GC(7) Eden regions: 179->0(2)
[2025-03-30T00:31:41.121+0800][2.672s] GC(7) Survivor regions: 10->23(39)
[2025-03-30T00:31:41.121+0800][2.672s] GC(7) Old regions: 13->13
[2025-03-30T00:31:41.121+0800][2.672s] GC(7) Archive regions: 0->0
[2025-03-30T00:31:41.122+0800][2.672s] GC(7) Humongous regions: 4->4
[2025-03-30T00:31:41.122+0800][2.672s] GC(7) Metaspace: 60637K(61056K)->60637K(61056K) NonClass: 53272K(53504K)->53272K(53504K) Class: 7364K(7552K)->7364K(7552K)
[2025-03-30T00:31:41.122+0800][2.672s] GC(7) Pause Young (Prepare Mixed) (Metadata GC Threshold) 203M->38M(512M) 7.743ms
[2025-03-30T00:31:41.122+0800][2.672s] GC(7) User=0.05s Sys=0.01s Real=0.01s
[2025-03-30T00:31:41.130+0800][2.680s] GC(8) Pause Young (Mixed) (G1 Evacuation Pause)
[2025-03-30T00:31:41.130+0800][2.680s] GC(8) Using 8 workers of 8 for evacuation
[2025-03-30T00:31:41.151+0800][2.702s] GC(8)   Pre Evacuate Collection Set: 0.1ms
[2025-03-30T00:31:41.151+0800][2.702s] GC(8)   Merge Heap Roots: 0.0ms
[2025-03-30T00:31:41.151+0800][2.702s] GC(8)   Evacuate Collection Set: 21.2ms
[2025-03-30T00:31:41.151+0800][2.702s] GC(8)   Post Evacuate Collection Set: 0.3ms
[2025-03-30T00:31:41.151+0800][2.702s] GC(8)   Other: 0.1ms
[2025-03-30T00:31:41.151+0800][2.702s] GC(8) Eden regions: 2->0(304)
[2025-03-30T00:31:41.151+0800][2.702s] GC(8) Survivor regions: 23->3(4)
[2025-03-30T00:31:41.151+0800][2.702s] GC(8) Old regions: 13->34
[2025-03-30T00:31:41.151+0800][2.702s] GC(8) Archive regions: 0->0
[2025-03-30T00:31:41.151+0800][2.702s] GC(8) Humongous regions: 4->4
[2025-03-30T00:31:41.151+0800][2.702s] GC(8) Metaspace: 60772K(61248K)->60772K(61248K) NonClass: 53381K(53632K)->53381K(53632K) Class: 7391K(7616K)->7391K(7616K)
[2025-03-30T00:31:41.152+0800][2.702s] GC(8) Pause Young (Mixed) (G1 Evacuation Pause) 40M->40M(512M) 21.730ms
[2025-03-30T00:31:41.152+0800][2.702s] GC(8) User=0.04s Sys=0.03s Real=0.02s
[2025-03-30T00:31:41.166+0800][2.717s] GC(9) Pause Young (Concurrent Start) (Metadata GC Threshold)
[2025-03-30T00:31:41.166+0800][2.717s] GC(9) Using 8 workers of 8 for evacuation
[2025-03-30T00:31:41.167+0800][2.718s] GC(9)   Pre Evacuate Collection Set: 0.1ms
[2025-03-30T00:31:41.167+0800][2.718s] GC(9)   Merge Heap Roots: 0.0ms
[2025-03-30T00:31:41.167+0800][2.718s] GC(9)   Evacuate Collection Set: 0.5ms
[2025-03-30T00:31:41.167+0800][2.718s] GC(9)   Post Evacuate Collection Set: 0.1ms
[2025-03-30T00:31:41.167+0800][2.718s] GC(9)   Other: 0.1ms
[2025-03-30T00:31:41.167+0800][2.718s] GC(9) Eden regions: 6->0(306)
[2025-03-30T00:31:41.167+0800][2.718s] GC(9) Survivor regions: 3->1(39)
[2025-03-30T00:31:41.167+0800][2.718s] GC(9) Old regions: 34->34
[2025-03-30T00:31:41.167+0800][2.718s] GC(9) Archive regions: 0->0
[2025-03-30T00:31:41.167+0800][2.718s] GC(9) Humongous regions: 4->4
[2025-03-30T00:31:41.167+0800][2.718s] GC(9) Metaspace: 60935K(61376K)->60935K(61376K) NonClass: 53519K(53760K)->53519K(53760K) Class: 7415K(7616K)->7415K(7616K)
[2025-03-30T00:31:41.167+0800][2.718s] GC(9) Pause Young (Concurrent Start) (Metadata GC Threshold) 45M->38M(512M) 0.859ms
[2025-03-30T00:31:41.167+0800][2.718s] GC(9) User=0.00s Sys=0.00s Real=0.00s
[2025-03-30T00:31:41.167+0800][2.718s] GC(10) Concurrent Mark Cycle
[2025-03-30T00:31:41.167+0800][2.718s] GC(10) Concurrent Clear Claimed Marks
[2025-03-30T00:31:41.167+0800][2.718s] GC(10) Concurrent Clear Claimed Marks 0.007ms
[2025-03-30T00:31:41.167+0800][2.718s] GC(10) Concurrent Scan Root Regions
[2025-03-30T00:31:41.168+0800][2.718s] GC(10) Concurrent Scan Root Regions 0.447ms
[2025-03-30T00:31:41.168+0800][2.718s] GC(10) Concurrent Mark
[2025-03-30T00:31:41.168+0800][2.718s] GC(10) Concurrent Mark From Roots
[2025-03-30T00:31:41.168+0800][2.718s] GC(10) Using 2 workers of 2 for marking
[2025-03-30T00:31:41.181+0800][2.732s] GC(10) Concurrent Mark From Roots 13.235ms
[2025-03-30T00:31:41.181+0800][2.732s] GC(10) Concurrent Preclean
[2025-03-30T00:31:41.181+0800][2.732s] GC(10) Concurrent Preclean 0.084ms
[2025-03-30T00:31:41.181+0800][2.732s] GC(10) Pause Remark
[2025-03-30T00:31:41.183+0800][2.733s] GC(10) Pause Remark 39M->39M(512M) 1.314ms
[2025-03-30T00:31:41.183+0800][2.733s] GC(10) User=0.00s Sys=0.00s Real=0.00s
[2025-03-30T00:31:41.183+0800][2.733s] GC(10) Concurrent Mark 14.816ms
[2025-03-30T00:31:41.183+0800][2.733s] GC(10) Concurrent Rebuild Remembered Sets
[2025-03-30T00:31:41.190+0800][2.741s] GC(10) Concurrent Rebuild Remembered Sets 7.852ms
[2025-03-30T00:31:41.191+0800][2.741s] GC(10) Pause Cleanup
[2025-03-30T00:31:41.191+0800][2.741s] GC(10) Pause Cleanup 39M->39M(512M) 0.056ms
[2025-03-30T00:31:41.191+0800][2.741s] GC(10) User=0.00s Sys=0.00s Real=0.00s
[2025-03-30T00:31:41.191+0800][2.741s] GC(10) Concurrent Cleanup for Next Mark
[2025-03-30T00:31:41.191+0800][2.742s] GC(10) Concurrent Cleanup for Next Mark 0.243ms
[2025-03-30T00:31:41.191+0800][2.742s] GC(10) Concurrent Mark Cycle 23.602ms
[2025-03-30T00:35:43.784+0800][245.332s] Heap
[2025-03-30T00:35:43.784+0800][245.332s]  garbage-first heap   total 524288K, used 66815K [0x00000007e0000000, 0x0000000800000000)
[2025-03-30T00:35:43.784+0800][245.332s]   region size 1024K, 28 young (28672K), 1 survivors (1024K)
[2025-03-30T00:35:43.784+0800][245.332s]  Metaspace       used 62914K, committed 63360K, reserved 1105920K
[2025-03-30T00:35:43.784+0800][245.332s]   class space    used 7696K, committed 7872K, reserved 1048576K
