[2025-03-29T22:00:19.563+0800][0.003s] Using G1
[2025-03-29T22:00:19.664+0800][0.105s] Version: 17.0.3+7 (release)
[2025-03-29T22:00:19.664+0800][0.105s] CPUs: 8 total, 8 available
[2025-03-29T22:00:19.664+0800][0.105s] Memory: 8192M
[2025-03-29T22:00:19.664+0800][0.105s] Large Page Support: Disabled
[2025-03-29T22:00:19.664+0800][0.105s] NUMA Support: Disabled
[2025-03-29T22:00:19.664+0800][0.105s] Compressed Oops: Enabled (Zero based)
[2025-03-29T22:00:19.664+0800][0.105s] Heap Region Size: 1M
[2025-03-29T22:00:19.664+0800][0.105s] Heap Min Capacity: 512M
[2025-03-29T22:00:19.664+0800][0.105s] Heap Initial Capacity: 512M
[2025-03-29T22:00:19.664+0800][0.105s] Heap Max Capacity: 512M
[2025-03-29T22:00:19.664+0800][0.105s] Pre-touch: Enabled
[2025-03-29T22:00:19.664+0800][0.105s] Parallel Workers: 8
[2025-03-29T22:00:19.664+0800][0.105s] Concurrent Workers: 2
[2025-03-29T22:00:19.664+0800][0.105s] Concurrent Refinement Workers: 8
[2025-03-29T22:00:19.664+0800][0.105s] Periodic GC: Disabled
[2025-03-29T22:00:19.665+0800][0.105s] CDS archive(s) not mapped
[2025-03-29T22:00:19.665+0800][0.105s] Compressed class space mapped at: 0x0000000800000000-0x0000000840000000, reserved size: 1073741824
[2025-03-29T22:00:19.665+0800][0.105s] Narrow klass base: 0x0000000800000000, Narrow klass shift: 0, Narrow klass range: 0x40000000
[2025-03-29T22:00:20.146+0800][0.587s] GC(0) Pause Young (Normal) (G1 Evacuation Pause)
[2025-03-29T22:00:20.146+0800][0.587s] GC(0) Using 8 workers of 8 for evacuation
[2025-03-29T22:00:20.148+0800][0.589s] GC(0)   Pre Evacuate Collection Set: 0.1ms
[2025-03-29T22:00:20.148+0800][0.589s] GC(0)   Merge Heap Roots: 0.0ms
[2025-03-29T22:00:20.148+0800][0.589s] GC(0)   Evacuate Collection Set: 1.8ms
[2025-03-29T22:00:20.148+0800][0.589s] GC(0)   Post Evacuate Collection Set: 0.1ms
[2025-03-29T22:00:20.148+0800][0.589s] GC(0)   Other: 0.2ms
[2025-03-29T22:00:20.148+0800][0.589s] GC(0) Eden regions: 29->0(41)
[2025-03-29T22:00:20.148+0800][0.589s] GC(0) Survivor regions: 0->4(4)
[2025-03-29T22:00:20.148+0800][0.589s] GC(0) Old regions: 0->1
[2025-03-29T22:00:20.148+0800][0.589s] GC(0) Archive regions: 0->0
[2025-03-29T22:00:20.148+0800][0.589s] GC(0) Humongous regions: 0->0
[2025-03-29T22:00:20.148+0800][0.589s] GC(0) Metaspace: 16468K(16640K)->16468K(16640K) NonClass: 14740K(14848K)->14740K(14848K) Class: 1728K(1792K)->1728K(1792K)
[2025-03-29T22:00:20.148+0800][0.589s] GC(0) Pause Young (Normal) (G1 Evacuation Pause) 29M->4M(512M) 2.422ms
[2025-03-29T22:00:20.148+0800][0.589s] GC(0) User=0.01s Sys=0.01s Real=0.00s
[2025-03-29T22:00:21.005+0800][1.446s] GC(1) Pause Young (Concurrent Start) (Metadata GC Threshold)
[2025-03-29T22:00:21.005+0800][1.446s] GC(1) Using 8 workers of 8 for evacuation
[2025-03-29T22:00:21.011+0800][1.452s] GC(1)   Pre Evacuate Collection Set: 0.1ms
[2025-03-29T22:00:21.011+0800][1.452s] GC(1)   Merge Heap Roots: 0.0ms
[2025-03-29T22:00:21.011+0800][1.452s] GC(1)   Evacuate Collection Set: 5.3ms
[2025-03-29T22:00:21.011+0800][1.452s] GC(1)   Post Evacuate Collection Set: 0.2ms
[2025-03-29T22:00:21.011+0800][1.452s] GC(1)   Other: 0.1ms
[2025-03-29T22:00:21.011+0800][1.452s] GC(1) Eden regions: 17->0(55)
[2025-03-29T22:00:21.011+0800][1.452s] GC(1) Survivor regions: 4->6(6)
[2025-03-29T22:00:21.011+0800][1.452s] GC(1) Old regions: 1->6
[2025-03-29T22:00:21.011+0800][1.452s] GC(1) Archive regions: 0->0
[2025-03-29T22:00:21.011+0800][1.452s] GC(1) Humongous regions: 4->4
[2025-03-29T22:00:21.011+0800][1.452s] GC(1) Metaspace: 21227K(21504K)->21227K(21504K) NonClass: 18946K(19072K)->18946K(19072K) Class: 2280K(2432K)->2280K(2432K)
[2025-03-29T22:00:21.011+0800][1.452s] GC(1) Pause Young (Concurrent Start) (Metadata GC Threshold) 24M->15M(512M) 5.804ms
[2025-03-29T22:00:21.011+0800][1.452s] GC(1) User=0.03s Sys=0.00s Real=0.01s
[2025-03-29T22:00:21.011+0800][1.452s] GC(2) Concurrent Mark Cycle
[2025-03-29T22:00:21.011+0800][1.452s] GC(2) Concurrent Clear Claimed Marks
[2025-03-29T22:00:21.011+0800][1.452s] GC(2) Concurrent Clear Claimed Marks 0.012ms
[2025-03-29T22:00:21.011+0800][1.452s] GC(2) Concurrent Scan Root Regions
[2025-03-29T22:00:21.014+0800][1.454s] GC(2) Concurrent Scan Root Regions 2.293ms
[2025-03-29T22:00:21.014+0800][1.454s] GC(2) Concurrent Mark
[2025-03-29T22:00:21.014+0800][1.454s] GC(2) Concurrent Mark From Roots
[2025-03-29T22:00:21.014+0800][1.454s] GC(2) Using 2 workers of 2 for marking
[2025-03-29T22:00:21.014+0800][1.455s] GC(2) Concurrent Mark From Roots 0.446ms
[2025-03-29T22:00:21.014+0800][1.455s] GC(2) Concurrent Preclean
[2025-03-29T22:00:21.014+0800][1.455s] GC(2) Concurrent Preclean 0.013ms
[2025-03-29T22:00:21.014+0800][1.455s] GC(2) Pause Remark
[2025-03-29T22:00:21.015+0800][1.456s] GC(2) Pause Remark 16M->16M(512M) 0.649ms
[2025-03-29T22:00:21.015+0800][1.456s] GC(2) User=0.00s Sys=0.00s Real=0.00s
[2025-03-29T22:00:21.015+0800][1.456s] GC(2) Concurrent Mark 1.503ms
[2025-03-29T22:00:21.015+0800][1.456s] GC(2) Concurrent Rebuild Remembered Sets
[2025-03-29T22:00:21.015+0800][1.456s] GC(2) Concurrent Rebuild Remembered Sets 0.004ms
[2025-03-29T22:00:21.015+0800][1.456s] GC(2) Pause Cleanup
[2025-03-29T22:00:21.015+0800][1.456s] GC(2) Pause Cleanup 16M->16M(512M) 0.010ms
[2025-03-29T22:00:21.015+0800][1.456s] GC(2) User=0.00s Sys=0.00s Real=0.00s
[2025-03-29T22:00:21.015+0800][1.456s] GC(2) Concurrent Cleanup for Next Mark
[2025-03-29T22:00:21.016+0800][1.456s] GC(2) Concurrent Cleanup for Next Mark 0.450ms
[2025-03-29T22:00:21.016+0800][1.456s] GC(2) Concurrent Mark Cycle 4.408ms
[2025-03-29T22:00:21.245+0800][1.686s] GC(3) Pause Young (Normal) (G1 Evacuation Pause)
[2025-03-29T22:00:21.245+0800][1.686s] GC(3) Using 8 workers of 8 for evacuation
[2025-03-29T22:00:21.248+0800][1.689s] GC(3)   Pre Evacuate Collection Set: 0.1ms
[2025-03-29T22:00:21.248+0800][1.689s] GC(3)   Merge Heap Roots: 0.0ms
[2025-03-29T22:00:21.248+0800][1.689s] GC(3)   Evacuate Collection Set: 2.7ms
[2025-03-29T22:00:21.248+0800][1.689s] GC(3)   Post Evacuate Collection Set: 0.2ms
[2025-03-29T22:00:21.248+0800][1.689s] GC(3)   Other: 0.1ms
[2025-03-29T22:00:21.248+0800][1.689s] GC(3) Eden regions: 55->0(116)
[2025-03-29T22:00:21.248+0800][1.689s] GC(3) Survivor regions: 6->4(8)
[2025-03-29T22:00:21.248+0800][1.689s] GC(3) Old regions: 6->13
[2025-03-29T22:00:21.248+0800][1.689s] GC(3) Archive regions: 0->0
[2025-03-29T22:00:21.248+0800][1.689s] GC(3) Humongous regions: 4->4
[2025-03-29T22:00:21.248+0800][1.689s] GC(3) Metaspace: 27469K(27776K)->27469K(27776K) NonClass: 24480K(24640K)->24480K(24640K) Class: 2989K(3136K)->2989K(3136K)
[2025-03-29T22:00:21.248+0800][1.689s] GC(3) Pause Young (Normal) (G1 Evacuation Pause) 70M->19M(512M) 3.178ms
[2025-03-29T22:00:21.248+0800][1.689s] GC(3) User=0.02s Sys=0.01s Real=0.00s
[2025-03-29T22:00:21.818+0800][2.259s] GC(4) Pause Young (Normal) (G1 Evacuation Pause)
[2025-03-29T22:00:21.818+0800][2.259s] GC(4) Using 8 workers of 8 for evacuation
[2025-03-29T22:00:21.820+0800][2.261s] GC(4)   Pre Evacuate Collection Set: 0.1ms
[2025-03-29T22:00:21.820+0800][2.261s] GC(4)   Merge Heap Roots: 0.0ms
[2025-03-29T22:00:21.820+0800][2.261s] GC(4)   Evacuate Collection Set: 1.7ms
[2025-03-29T22:00:21.820+0800][2.261s] GC(4)   Post Evacuate Collection Set: 0.2ms
[2025-03-29T22:00:21.820+0800][2.261s] GC(4)   Other: 0.1ms
[2025-03-29T22:00:21.820+0800][2.261s] GC(4) Eden regions: 116->0(298)
[2025-03-29T22:00:21.820+0800][2.261s] GC(4) Survivor regions: 4->9(15)
[2025-03-29T22:00:21.820+0800][2.261s] GC(4) Old regions: 13->13
[2025-03-29T22:00:21.820+0800][2.261s] GC(4) Archive regions: 0->0
[2025-03-29T22:00:21.820+0800][2.261s] GC(4) Humongous regions: 4->4
[2025-03-29T22:00:21.820+0800][2.261s] GC(4) Metaspace: 34334K(34688K)->34334K(34688K) NonClass: 30449K(30656K)->30449K(30656K) Class: 3885K(4032K)->3885K(4032K)
[2025-03-29T22:00:21.820+0800][2.261s] GC(4) Pause Young (Normal) (G1 Evacuation Pause) 135M->24M(512M) 2.204ms
[2025-03-29T22:00:21.820+0800][2.261s] GC(4) User=0.01s Sys=0.00s Real=0.01s
[2025-03-29T22:00:21.865+0800][2.306s] GC(5) Pause Young (Concurrent Start) (Metadata GC Threshold)
[2025-03-29T22:00:21.865+0800][2.306s] GC(5) Using 8 workers of 8 for evacuation
[2025-03-29T22:00:21.867+0800][2.307s] GC(5)   Pre Evacuate Collection Set: 0.1ms
[2025-03-29T22:00:21.867+0800][2.307s] GC(5)   Merge Heap Roots: 0.0ms
[2025-03-29T22:00:21.867+0800][2.307s] GC(5)   Evacuate Collection Set: 1.4ms
[2025-03-29T22:00:21.867+0800][2.307s] GC(5)   Post Evacuate Collection Set: 0.2ms
[2025-03-29T22:00:21.867+0800][2.307s] GC(5)   Other: 0.1ms
[2025-03-29T22:00:21.867+0800][2.307s] GC(5) Eden regions: 8->0(298)
[2025-03-29T22:00:21.867+0800][2.307s] GC(5) Survivor regions: 9->9(39)
[2025-03-29T22:00:21.867+0800][2.307s] GC(5) Old regions: 13->13
[2025-03-29T22:00:21.867+0800][2.307s] GC(5) Archive regions: 0->0
[2025-03-29T22:00:21.867+0800][2.307s] GC(5) Humongous regions: 4->4
[2025-03-29T22:00:21.867+0800][2.307s] GC(5) Metaspace: 35964K(36288K)->35964K(36288K) NonClass: 31926K(32064K)->31926K(32064K) Class: 4038K(4224K)->4038K(4224K)
[2025-03-29T22:00:21.867+0800][2.307s] GC(5) Pause Young (Concurrent Start) (Metadata GC Threshold) 32M->25M(512M) 1.885ms
[2025-03-29T22:00:21.867+0800][2.307s] GC(5) User=0.01s Sys=0.00s Real=0.00s
[2025-03-29T22:00:21.867+0800][2.307s] GC(6) Concurrent Mark Cycle
[2025-03-29T22:00:21.867+0800][2.307s] GC(6) Concurrent Clear Claimed Marks
[2025-03-29T22:00:21.867+0800][2.307s] GC(6) Concurrent Clear Claimed Marks 0.007ms
[2025-03-29T22:00:21.867+0800][2.307s] GC(6) Concurrent Scan Root Regions
[2025-03-29T22:00:21.868+0800][2.309s] GC(6) Concurrent Scan Root Regions 1.079ms
[2025-03-29T22:00:21.868+0800][2.309s] GC(6) Concurrent Mark
[2025-03-29T22:00:21.868+0800][2.309s] GC(6) Concurrent Mark From Roots
[2025-03-29T22:00:21.868+0800][2.309s] GC(6) Using 2 workers of 2 for marking
[2025-03-29T22:00:21.873+0800][2.314s] GC(6) Concurrent Mark From Roots 5.396ms
[2025-03-29T22:00:21.873+0800][2.314s] GC(6) Concurrent Preclean
[2025-03-29T22:00:21.873+0800][2.314s] GC(6) Concurrent Preclean 0.051ms
[2025-03-29T22:00:21.873+0800][2.314s] GC(6) Pause Remark
[2025-03-29T22:00:21.874+0800][2.315s] GC(6) Pause Remark 26M->26M(512M) 1.031ms
[2025-03-29T22:00:21.874+0800][2.315s] GC(6) User=0.01s Sys=0.01s Real=0.00s
[2025-03-29T22:00:21.874+0800][2.315s] GC(6) Concurrent Mark 6.586ms
[2025-03-29T22:00:21.874+0800][2.315s] GC(6) Concurrent Rebuild Remembered Sets
[2025-03-29T22:00:21.878+0800][2.318s] GC(6) Concurrent Rebuild Remembered Sets 3.316ms
[2025-03-29T22:00:21.878+0800][2.319s] GC(6) Pause Cleanup
[2025-03-29T22:00:21.878+0800][2.319s] GC(6) Pause Cleanup 27M->27M(512M) 0.070ms
[2025-03-29T22:00:21.878+0800][2.319s] GC(6) User=0.00s Sys=0.00s Real=0.00s
[2025-03-29T22:00:21.878+0800][2.319s] GC(6) Concurrent Cleanup for Next Mark
[2025-03-29T22:00:21.878+0800][2.319s] GC(6) Concurrent Cleanup for Next Mark 0.554ms
[2025-03-29T22:00:21.878+0800][2.319s] GC(6) Concurrent Mark Cycle 11.822ms
